[0.081s] Invoking command in '/home/rodrigo/turtlebot3_ws/src/build/turtlebot3_description': CMAKE_PREFIX_PATH=${CMAKE_PREFIX_PATH}:/opt/ros/humble /usr/bin/cmake /home/rodrigo/turtlebot3_ws/src/turtlebot3/turtlebot3_description -DCMAKE_INSTALL_PREFIX=/home/rodrigo/turtlebot3_ws/src/install/turtlebot3_description
[0.415s] -- The C compiler identification is GNU 11.4.0
[0.679s] -- The CXX compiler identification is GNU 11.4.0
[0.700s] -- Detecting C compiler ABI info
[0.936s] -- Detecting C compiler ABI info - done
[0.968s] -- Check for working C compiler: /usr/bin/cc - skipped
[0.968s] -- Detecting C compile features
[0.968s] -- Detecting C compile features - done
[0.977s] -- Detecting CXX compiler ABI info
[1.263s] -- Detecting CXX compiler ABI info - done
[1.288s] -- Check for working CXX compiler: /usr/bin/c++ - skipped
[1.292s] -- Detecting CXX compile features
[1.293s] -- Detecting CXX compile features - done
[1.300s] -- Found ament_cmake: 1.3.12 (/opt/ros/humble/share/ament_cmake/cmake)
[1.885s] -- Found Python3: /usr/bin/python3 (found version "3.10.12") found components: Interpreter 
[2.256s] -- Found urdf: 2.6.1 (/opt/ros/humble/share/urdf/cmake)
[2.776s] -- Configuring done
[2.784s] -- Generating done
[2.792s] -- Build files have been written to: /home/rodrigo/turtlebot3_ws/src/build/turtlebot3_description
[2.894s] Invoked command in '/home/rodrigo/turtlebot3_ws/src/build/turtlebot3_description' returned '0': CMAKE_PREFIX_PATH=${CMAKE_PREFIX_PATH}:/opt/ros/humble /usr/bin/cmake /home/rodrigo/turtlebot3_ws/src/turtlebot3/turtlebot3_description -DCMAKE_INSTALL_PREFIX=/home/rodrigo/turtlebot3_ws/src/install/turtlebot3_description
[2.898s] Invoking command in '/home/rodrigo/turtlebot3_ws/src/build/turtlebot3_description': CMAKE_PREFIX_PATH=${CMAKE_PREFIX_PATH}:/opt/ros/humble /usr/bin/cmake --build /home/rodrigo/turtlebot3_ws/src/build/turtlebot3_description -- -j12 -l12
[3.116s] Invoked command in '/home/rodrigo/turtlebot3_ws/src/build/turtlebot3_description' returned '0': CMAKE_PREFIX_PATH=${CMAKE_PREFIX_PATH}:/opt/ros/humble /usr/bin/cmake --build /home/rodrigo/turtlebot3_ws/src/build/turtlebot3_description -- -j12 -l12
[3.118s] Invoking command in '/home/rodrigo/turtlebot3_ws/src/build/turtlebot3_description': CMAKE_PREFIX_PATH=${CMAKE_PREFIX_PATH}:/opt/ros/humble /usr/bin/cmake --install /home/rodrigo/turtlebot3_ws/src/build/turtlebot3_description
[3.146s] -- Install configuration: ""
[3.147s] -- Installing: /home/rodrigo/turtlebot3_ws/src/install/turtlebot3_description/share/turtlebot3_description/meshes
[3.149s] -- Installing: /home/rodrigo/turtlebot3_ws/src/install/turtlebot3_description/share/turtlebot3_description/meshes/wheels
[3.151s] -- Installing: /home/rodrigo/turtlebot3_ws/src/install/turtlebot3_description/share/turtlebot3_description/meshes/wheels/left_tire.stl
[3.170s] -- Installing: /home/rodrigo/turtlebot3_ws/src/install/turtlebot3_description/share/turtlebot3_description/meshes/wheels/right_tire.stl
[3.180s] -- Installing: /home/rodrigo/turtlebot3_ws/src/install/turtlebot3_description/share/turtlebot3_description/meshes/sensors
[3.181s] -- Installing: /home/rodrigo/turtlebot3_ws/src/install/turtlebot3_description/share/turtlebot3_description/meshes/sensors/r200.jpg
[3.182s] -- Installing: /home/rodrigo/turtlebot3_ws/src/install/turtlebot3_description/share/turtlebot3_description/meshes/sensors/lds.stl
[3.189s] -- Installing: /home/rodrigo/turtlebot3_ws/src/install/turtlebot3_description/share/turtlebot3_description/meshes/sensors/r200.dae
[3.193s] -- Installing: /home/rodrigo/turtlebot3_ws/src/install/turtlebot3_description/share/turtlebot3_description/meshes/sensors/astra.jpg
[3.196s] -- Installing: /home/rodrigo/turtlebot3_ws/src/install/turtlebot3_description/share/turtlebot3_description/meshes/sensors/astra.dae
[3.287s] -- Installing: /home/rodrigo/turtlebot3_ws/src/install/turtlebot3_description/share/turtlebot3_description/meshes/bases
[3.291s] -- Installing: /home/rodrigo/turtlebot3_ws/src/install/turtlebot3_description/share/turtlebot3_description/meshes/bases/burger_base.stl
[3.341s] -- Installing: /home/rodrigo/turtlebot3_ws/src/install/turtlebot3_description/share/turtlebot3_description/meshes/bases/waffle_base.stl
[3.492s] -- Installing: /home/rodrigo/turtlebot3_ws/src/install/turtlebot3_description/share/turtlebot3_description/meshes/bases/waffle_pi_base.stl
[3.564s] -- Installing: /home/rodrigo/turtlebot3_ws/src/install/turtlebot3_description/share/turtlebot3_description/rviz
[3.565s] -- Installing: /home/rodrigo/turtlebot3_ws/src/install/turtlebot3_description/share/turtlebot3_description/rviz/model.rviz
[3.567s] -- Installing: /home/rodrigo/turtlebot3_ws/src/install/turtlebot3_description/share/turtlebot3_description/urdf
[3.567s] -- Installing: /home/rodrigo/turtlebot3_ws/src/install/turtlebot3_description/share/turtlebot3_description/urdf/turtlebot3_waffle_pi.urdf
[3.575s] -- Installing: /home/rodrigo/turtlebot3_ws/src/install/turtlebot3_description/share/turtlebot3_description/urdf/common_properties.urdf
[3.576s] -- Installing: /home/rodrigo/turtlebot3_ws/src/install/turtlebot3_description/share/turtlebot3_description/urdf/turtlebot3_burger.urdf
[3.576s] -- Installing: /home/rodrigo/turtlebot3_ws/src/install/turtlebot3_description/share/turtlebot3_description/urdf/turtlebot3_waffle.urdf
[3.577s] -- Installing: /home/rodrigo/turtlebot3_ws/src/install/turtlebot3_description/share/ament_index/resource_index/package_run_dependencies/turtlebot3_description
[3.577s] -- Installing: /home/rodrigo/turtlebot3_ws/src/install/turtlebot3_description/share/ament_index/resource_index/parent_prefix_path/turtlebot3_description
[3.583s] -- Installing: /home/rodrigo/turtlebot3_ws/src/install/turtlebot3_description/share/turtlebot3_description/environment/ament_prefix_path.sh
[3.584s] -- Installing: /home/rodrigo/turtlebot3_ws/src/install/turtlebot3_description/share/turtlebot3_description/environment/ament_prefix_path.dsv
[3.584s] -- Installing: /home/rodrigo/turtlebot3_ws/src/install/turtlebot3_description/share/turtlebot3_description/environment/path.sh
[3.584s] -- Installing: /home/rodrigo/turtlebot3_ws/src/install/turtlebot3_description/share/turtlebot3_description/environment/path.dsv
[3.584s] -- Installing: /home/rodrigo/turtlebot3_ws/src/install/turtlebot3_description/share/turtlebot3_description/local_setup.bash
[3.584s] -- Installing: /home/rodrigo/turtlebot3_ws/src/install/turtlebot3_description/share/turtlebot3_description/local_setup.sh
[3.585s] -- Installing: /home/rodrigo/turtlebot3_ws/src/install/turtlebot3_description/share/turtlebot3_description/local_setup.zsh
[3.585s] -- Installing: /home/rodrigo/turtlebot3_ws/src/install/turtlebot3_description/share/turtlebot3_description/local_setup.dsv
[3.600s] -- Installing: /home/rodrigo/turtlebot3_ws/src/install/turtlebot3_description/share/turtlebot3_description/package.dsv
[3.600s] -- Installing: /home/rodrigo/turtlebot3_ws/src/install/turtlebot3_description/share/ament_index/resource_index/packages/turtlebot3_description
[3.601s] -- Installing: /home/rodrigo/turtlebot3_ws/src/install/turtlebot3_description/share/turtlebot3_description/cmake/turtlebot3_descriptionConfig.cmake
[3.601s] -- Installing: /home/rodrigo/turtlebot3_ws/src/install/turtlebot3_description/share/turtlebot3_description/cmake/turtlebot3_descriptionConfig-version.cmake
[3.601s] -- Installing: /home/rodrigo/turtlebot3_ws/src/install/turtlebot3_description/share/turtlebot3_description/package.xml
[3.612s] Invoked command in '/home/rodrigo/turtlebot3_ws/src/build/turtlebot3_description' returned '0': CMAKE_PREFIX_PATH=${CMAKE_PREFIX_PATH}:/opt/ros/humble /usr/bin/cmake --install /home/rodrigo/turtlebot3_ws/src/build/turtlebot3_description
