[0.141s] Invoking command in '/home/rodrigo/turtlebot3_ws/src/build/dynamixel_sdk_examples': AMENT_PREFIX_PATH=/home/rodrigo/turtlebot3_ws/src/install/dynamixel_sdk_custom_interfaces:/home/rodrigo/turtlebot3_ws/src/install/dynamixel_sdk:${AMENT_PREFIX_PATH} CMAKE_PREFIX_PATH=/home/rodrigo/turtlebot3_ws/src/install/dynamixel_sdk_custom_interfaces:/home/rodrigo/turtlebot3_ws/src/install/dynamixel_sdk:/home/rodrigo/scara_ws/install/scara_description:/opt/ros/humble LD_LIBRARY_PATH=/home/rodrigo/turtlebot3_ws/src/install/dynamixel_sdk_custom_interfaces/lib:/home/rodrigo/turtlebot3_ws/src/install/dynamixel_sdk/lib:/usr/lib/x86_64-linux-gnu/gazebo-11/plugins:/opt/ros/humble/opt/rviz_ogre_vendor/lib:/opt/ros/humble/lib/x86_64-linux-gnu:/opt/ros/humble/lib:/usr/lib/x86_64-linux-gnu/gazebo-11/plugins PYTHONPATH=/home/rodrigo/turtlebot3_ws/src/install/dynamixel_sdk_custom_interfaces/local/lib/python3.10/dist-packages:/home/rodrigo/turtlebot3_ws/src/install/dynamixel_sdk/local/lib/python3.10/dist-packages:${PYTHONPATH} /usr/bin/cmake /home/rodrigo/turtlebot3_ws/src/DynamixelSDK/ros/dynamixel_sdk_examples -DCMAKE_INSTALL_PREFIX=/home/rodrigo/turtlebot3_ws/src/install/dynamixel_sdk_examples
[0.654s] -- The C compiler identification is GNU 11.4.0
[1.156s] -- The CXX compiler identification is GNU 11.4.0
[1.286s] -- Detecting C compiler ABI info
[1.865s] -- Detecting C compiler ABI info - done
[1.987s] -- Check for working C compiler: /usr/bin/cc - skipped
[1.995s] -- Detecting C compile features
[1.996s] -- Detecting C compile features - done
[2.038s] -- Detecting CXX compiler ABI info
[2.739s] -- Detecting CXX compiler ABI info - done
[2.825s] -- Check for working CXX compiler: /usr/bin/c++ - skipped
[2.834s] -- Detecting CXX compile features
[2.838s] -- Detecting CXX compile features - done
[2.863s] -- Found ament_cmake: 1.3.12 (/opt/ros/humble/share/ament_cmake/cmake)
[4.133s] -- Found Python3: /usr/bin/python3 (found version "3.10.12") found components: Interpreter 
[4.756s] -- Found dynamixel_sdk: 3.8.4 (/home/rodrigo/turtlebot3_ws/src/install/dynamixel_sdk/share/dynamixel_sdk/cmake)
[4.767s] -- Found dynamixel_sdk_custom_interfaces: 3.8.4 (/home/rodrigo/turtlebot3_ws/src/install/dynamixel_sdk_custom_interfaces/share/dynamixel_sdk_custom_interfaces/cmake)
[4.940s] -- Found rosidl_generator_c: 3.1.7 (/opt/ros/humble/share/rosidl_generator_c/cmake)
[4.958s] -- Found rosidl_adapter: 3.1.7 (/opt/ros/humble/share/rosidl_adapter/cmake)
[5.002s] -- Found rosidl_generator_cpp: 3.1.7 (/opt/ros/humble/share/rosidl_generator_cpp/cmake)
[5.054s] -- Using all available rosidl_typesupport_c: rosidl_typesupport_fastrtps_c;rosidl_typesupport_introspection_c
[5.119s] -- Using all available rosidl_typesupport_cpp: rosidl_typesupport_fastrtps_cpp;rosidl_typesupport_introspection_cpp
[5.230s] -- Found rclcpp: 16.0.15 (/opt/ros/humble/share/rclcpp/cmake)
[5.390s] -- Found rmw_implementation_cmake: 6.1.2 (/opt/ros/humble/share/rmw_implementation_cmake/cmake)
[5.402s] -- Found rmw_fastrtps_cpp: 6.2.8 (/opt/ros/humble/share/rmw_fastrtps_cpp/cmake)
[5.723s] -- Found OpenSSL: /usr/lib/x86_64-linux-gnu/libcrypto.so (found version "3.0.2")  
[5.833s] -- Found FastRTPS: /opt/ros/humble/include  
[5.990s] -- Using RMW implementation 'rmw_fastrtps_cpp' as default
[6.041s] -- Looking for pthread.h
[6.302s] -- Looking for pthread.h - found
[6.303s] -- Performing Test CMAKE_HAVE_LIBC_PTHREAD
[6.630s] -- Performing Test CMAKE_HAVE_LIBC_PTHREAD - Success
[6.636s] -- Found Threads: TRUE  
[6.935s] -- Found rclpy: 3.3.17 (/opt/ros/humble/share/rclpy/cmake)
[6.948s] -- Found ament_lint_auto: 0.12.14 (/opt/ros/humble/share/ament_lint_auto/cmake)
[7.396s] -- Added test 'copyright' to check source files copyright and LICENSE
[7.403s] -- Added test 'cppcheck' to perform static code analysis on C / C++ code
[7.404s] -- Configured cppcheck include dirs: /home/rodrigo/turtlebot3_ws/src/DynamixelSDK/ros/dynamixel_sdk_examples/include
[7.404s] -- Configured cppcheck exclude dirs and/or files: 
[7.409s] -- Added test 'cpplint' to check C / C++ code against the Google style
[7.409s] -- Configured cpplint exclude dirs and/or files: 
[7.412s] -- Added test 'flake8' to check Python code syntax and style conventions
[7.416s] -- Added test 'lint_cmake' to check CMake code style
[7.419s] -- Added test 'pep257' to check Python code against some of the docstring style conventions in PEP 257
[7.424s] -- Added test 'uncrustify' to check C / C++ code style
[7.424s] -- Configured uncrustify additional arguments: 
[7.427s] -- Added test 'xmllint' to check XML markup files
[7.434s] -- Configuring done
[7.479s] -- Generating done
[7.499s] -- Build files have been written to: /home/rodrigo/turtlebot3_ws/src/build/dynamixel_sdk_examples
[7.542s] Invoked command in '/home/rodrigo/turtlebot3_ws/src/build/dynamixel_sdk_examples' returned '0': AMENT_PREFIX_PATH=/home/rodrigo/turtlebot3_ws/src/install/dynamixel_sdk_custom_interfaces:/home/rodrigo/turtlebot3_ws/src/install/dynamixel_sdk:${AMENT_PREFIX_PATH} CMAKE_PREFIX_PATH=/home/rodrigo/turtlebot3_ws/src/install/dynamixel_sdk_custom_interfaces:/home/rodrigo/turtlebot3_ws/src/install/dynamixel_sdk:/home/rodrigo/scara_ws/install/scara_description:/opt/ros/humble LD_LIBRARY_PATH=/home/rodrigo/turtlebot3_ws/src/install/dynamixel_sdk_custom_interfaces/lib:/home/rodrigo/turtlebot3_ws/src/install/dynamixel_sdk/lib:/usr/lib/x86_64-linux-gnu/gazebo-11/plugins:/opt/ros/humble/opt/rviz_ogre_vendor/lib:/opt/ros/humble/lib/x86_64-linux-gnu:/opt/ros/humble/lib:/usr/lib/x86_64-linux-gnu/gazebo-11/plugins PYTHONPATH=/home/rodrigo/turtlebot3_ws/src/install/dynamixel_sdk_custom_interfaces/local/lib/python3.10/dist-packages:/home/rodrigo/turtlebot3_ws/src/install/dynamixel_sdk/local/lib/python3.10/dist-packages:${PYTHONPATH} /usr/bin/cmake /home/rodrigo/turtlebot3_ws/src/DynamixelSDK/ros/dynamixel_sdk_examples -DCMAKE_INSTALL_PREFIX=/home/rodrigo/turtlebot3_ws/src/install/dynamixel_sdk_examples
[7.550s] Invoking command in '/home/rodrigo/turtlebot3_ws/src/build/dynamixel_sdk_examples': AMENT_PREFIX_PATH=/home/rodrigo/turtlebot3_ws/src/install/dynamixel_sdk_custom_interfaces:/home/rodrigo/turtlebot3_ws/src/install/dynamixel_sdk:${AMENT_PREFIX_PATH} CMAKE_PREFIX_PATH=/home/rodrigo/turtlebot3_ws/src/install/dynamixel_sdk_custom_interfaces:/home/rodrigo/turtlebot3_ws/src/install/dynamixel_sdk:/home/rodrigo/scara_ws/install/scara_description:/opt/ros/humble LD_LIBRARY_PATH=/home/rodrigo/turtlebot3_ws/src/install/dynamixel_sdk_custom_interfaces/lib:/home/rodrigo/turtlebot3_ws/src/install/dynamixel_sdk/lib:/usr/lib/x86_64-linux-gnu/gazebo-11/plugins:/opt/ros/humble/opt/rviz_ogre_vendor/lib:/opt/ros/humble/lib/x86_64-linux-gnu:/opt/ros/humble/lib:/usr/lib/x86_64-linux-gnu/gazebo-11/plugins PYTHONPATH=/home/rodrigo/turtlebot3_ws/src/install/dynamixel_sdk_custom_interfaces/local/lib/python3.10/dist-packages:/home/rodrigo/turtlebot3_ws/src/install/dynamixel_sdk/local/lib/python3.10/dist-packages:${PYTHONPATH} /usr/bin/cmake --build /home/rodrigo/turtlebot3_ws/src/build/dynamixel_sdk_examples -- -j12 -l12
[7.750s] [ 50%] [32mBuilding CXX object CMakeFiles/read_write_node.dir/src/read_write_node.cpp.o[0m
[74.165s] [100%] [32m[1mLinking CXX executable read_write_node[0m
[76.865s] [100%] Built target read_write_node
[78.142s] Invoked command in '/home/rodrigo/turtlebot3_ws/src/build/dynamixel_sdk_examples' returned '0': AMENT_PREFIX_PATH=/home/rodrigo/turtlebot3_ws/src/install/dynamixel_sdk_custom_interfaces:/home/rodrigo/turtlebot3_ws/src/install/dynamixel_sdk:${AMENT_PREFIX_PATH} CMAKE_PREFIX_PATH=/home/rodrigo/turtlebot3_ws/src/install/dynamixel_sdk_custom_interfaces:/home/rodrigo/turtlebot3_ws/src/install/dynamixel_sdk:/home/rodrigo/scara_ws/install/scara_description:/opt/ros/humble LD_LIBRARY_PATH=/home/rodrigo/turtlebot3_ws/src/install/dynamixel_sdk_custom_interfaces/lib:/home/rodrigo/turtlebot3_ws/src/install/dynamixel_sdk/lib:/usr/lib/x86_64-linux-gnu/gazebo-11/plugins:/opt/ros/humble/opt/rviz_ogre_vendor/lib:/opt/ros/humble/lib/x86_64-linux-gnu:/opt/ros/humble/lib:/usr/lib/x86_64-linux-gnu/gazebo-11/plugins PYTHONPATH=/home/rodrigo/turtlebot3_ws/src/install/dynamixel_sdk_custom_interfaces/local/lib/python3.10/dist-packages:/home/rodrigo/turtlebot3_ws/src/install/dynamixel_sdk/local/lib/python3.10/dist-packages:${PYTHONPATH} /usr/bin/cmake --build /home/rodrigo/turtlebot3_ws/src/build/dynamixel_sdk_examples -- -j12 -l12
[78.733s] Invoking command in '/home/rodrigo/turtlebot3_ws/src/build/dynamixel_sdk_examples': AMENT_PREFIX_PATH=/home/rodrigo/turtlebot3_ws/src/install/dynamixel_sdk_custom_interfaces:/home/rodrigo/turtlebot3_ws/src/install/dynamixel_sdk:${AMENT_PREFIX_PATH} CMAKE_PREFIX_PATH=/home/rodrigo/turtlebot3_ws/src/install/dynamixel_sdk_custom_interfaces:/home/rodrigo/turtlebot3_ws/src/install/dynamixel_sdk:/home/rodrigo/scara_ws/install/scara_description:/opt/ros/humble LD_LIBRARY_PATH=/home/rodrigo/turtlebot3_ws/src/install/dynamixel_sdk_custom_interfaces/lib:/home/rodrigo/turtlebot3_ws/src/install/dynamixel_sdk/lib:/usr/lib/x86_64-linux-gnu/gazebo-11/plugins:/opt/ros/humble/opt/rviz_ogre_vendor/lib:/opt/ros/humble/lib/x86_64-linux-gnu:/opt/ros/humble/lib:/usr/lib/x86_64-linux-gnu/gazebo-11/plugins PYTHONPATH=/home/rodrigo/turtlebot3_ws/src/install/dynamixel_sdk_custom_interfaces/local/lib/python3.10/dist-packages:/home/rodrigo/turtlebot3_ws/src/install/dynamixel_sdk/local/lib/python3.10/dist-packages:${PYTHONPATH} /usr/bin/cmake --install /home/rodrigo/turtlebot3_ws/src/build/dynamixel_sdk_examples
[78.993s] -- Install configuration: ""
[79.044s] -- Installing: /home/rodrigo/turtlebot3_ws/src/install/dynamixel_sdk_examples/lib/dynamixel_sdk_examples/read_write_node
[79.067s] -- Set runtime path of "/home/rodrigo/turtlebot3_ws/src/install/dynamixel_sdk_examples/lib/dynamixel_sdk_examples/read_write_node" to ""
[79.099s] -- Installing: /home/rodrigo/turtlebot3_ws/src/install/dynamixel_sdk_examples/lib/dynamixel_sdk_examples/read_write_node.py
[79.127s] -- Installing: /home/rodrigo/turtlebot3_ws/src/install/dynamixel_sdk_examples/share/ament_index/resource_index/package_run_dependencies/dynamixel_sdk_examples
[79.150s] -- Installing: /home/rodrigo/turtlebot3_ws/src/install/dynamixel_sdk_examples/share/ament_index/resource_index/parent_prefix_path/dynamixel_sdk_examples
[79.216s] -- Installing: /home/rodrigo/turtlebot3_ws/src/install/dynamixel_sdk_examples/share/dynamixel_sdk_examples/environment/ament_prefix_path.sh
[79.235s] -- Installing: /home/rodrigo/turtlebot3_ws/src/install/dynamixel_sdk_examples/share/dynamixel_sdk_examples/environment/ament_prefix_path.dsv
[79.235s] -- Installing: /home/rodrigo/turtlebot3_ws/src/install/dynamixel_sdk_examples/share/dynamixel_sdk_examples/environment/path.sh
[79.235s] -- Installing: /home/rodrigo/turtlebot3_ws/src/install/dynamixel_sdk_examples/share/dynamixel_sdk_examples/environment/path.dsv
[79.253s] -- Installing: /home/rodrigo/turtlebot3_ws/src/install/dynamixel_sdk_examples/share/dynamixel_sdk_examples/local_setup.bash
[79.264s] -- Installing: /home/rodrigo/turtlebot3_ws/src/install/dynamixel_sdk_examples/share/dynamixel_sdk_examples/local_setup.sh
[79.305s] -- Installing: /home/rodrigo/turtlebot3_ws/src/install/dynamixel_sdk_examples/share/dynamixel_sdk_examples/local_setup.zsh
[79.313s] -- Installing: /home/rodrigo/turtlebot3_ws/src/install/dynamixel_sdk_examples/share/dynamixel_sdk_examples/local_setup.dsv
[79.313s] -- Installing: /home/rodrigo/turtlebot3_ws/src/install/dynamixel_sdk_examples/share/dynamixel_sdk_examples/package.dsv
[79.314s] -- Installing: /home/rodrigo/turtlebot3_ws/src/install/dynamixel_sdk_examples/share/ament_index/resource_index/packages/dynamixel_sdk_examples
[79.314s] -- Installing: /home/rodrigo/turtlebot3_ws/src/install/dynamixel_sdk_examples/share/dynamixel_sdk_examples/cmake/dynamixel_sdk_examplesConfig.cmake
[79.318s] -- Installing: /home/rodrigo/turtlebot3_ws/src/install/dynamixel_sdk_examples/share/dynamixel_sdk_examples/cmake/dynamixel_sdk_examplesConfig-version.cmake
[79.318s] -- Installing: /home/rodrigo/turtlebot3_ws/src/install/dynamixel_sdk_examples/share/dynamixel_sdk_examples/package.xml
[79.322s] Invoked command in '/home/rodrigo/turtlebot3_ws/src/build/dynamixel_sdk_examples' returned '0': AMENT_PREFIX_PATH=/home/rodrigo/turtlebot3_ws/src/install/dynamixel_sdk_custom_interfaces:/home/rodrigo/turtlebot3_ws/src/install/dynamixel_sdk:${AMENT_PREFIX_PATH} CMAKE_PREFIX_PATH=/home/rodrigo/turtlebot3_ws/src/install/dynamixel_sdk_custom_interfaces:/home/rodrigo/turtlebot3_ws/src/install/dynamixel_sdk:/home/rodrigo/scara_ws/install/scara_description:/opt/ros/humble LD_LIBRARY_PATH=/home/rodrigo/turtlebot3_ws/src/install/dynamixel_sdk_custom_interfaces/lib:/home/rodrigo/turtlebot3_ws/src/install/dynamixel_sdk/lib:/usr/lib/x86_64-linux-gnu/gazebo-11/plugins:/opt/ros/humble/opt/rviz_ogre_vendor/lib:/opt/ros/humble/lib/x86_64-linux-gnu:/opt/ros/humble/lib:/usr/lib/x86_64-linux-gnu/gazebo-11/plugins PYTHONPATH=/home/rodrigo/turtlebot3_ws/src/install/dynamixel_sdk_custom_interfaces/local/lib/python3.10/dist-packages:/home/rodrigo/turtlebot3_ws/src/install/dynamixel_sdk/local/lib/python3.10/dist-packages:${PYTHONPATH} /usr/bin/cmake --install /home/rodrigo/turtlebot3_ws/src/build/dynamixel_sdk_examples
