[2.720s] Invoking command in '/home/rodrigo/turtlebot3_ws/src/turtlebot3/turtlebot3_teleop': PYTHONPATH=/home/rodrigo/turtlebot3_ws/src/build/turtlebot3_teleop/prefix_override:/usr/lib/python3/dist-packages/colcon_core/task/python/colcon_distutils_commands:/home/rodrigo/turtlebot3_ws/src/install/turtlebot3_teleop/lib/python3.10/site-packages:${PYTHONPATH} /usr/bin/python3 -W ignore:setup.py install is deprecated -W ignore:easy_install command is deprecated setup.py egg_info --egg-base ../../build/turtlebot3_teleop build --build-base /home/rodrigo/turtlebot3_ws/src/build/turtlebot3_teleop/build install --record /home/rodrigo/turtlebot3_ws/src/build/turtlebot3_teleop/install.log --single-version-externally-managed install_data
[3.799s] running egg_info
[3.802s] creating ../../build/turtlebot3_teleop/turtlebot3_teleop.egg-info
[3.812s] writing ../../build/turtlebot3_teleop/turtlebot3_teleop.egg-info/PKG-INFO
[3.812s] writing dependency_links to ../../build/turtlebot3_teleop/turtlebot3_teleop.egg-info/dependency_links.txt
[3.813s] writing entry points to ../../build/turtlebot3_teleop/turtlebot3_teleop.egg-info/entry_points.txt
[3.813s] writing requirements to ../../build/turtlebot3_teleop/turtlebot3_teleop.egg-info/requires.txt
[3.818s] writing top-level names to ../../build/turtlebot3_teleop/turtlebot3_teleop.egg-info/top_level.txt
[3.819s] writing manifest file '../../build/turtlebot3_teleop/turtlebot3_teleop.egg-info/SOURCES.txt'
[3.819s] reading manifest file '../../build/turtlebot3_teleop/turtlebot3_teleop.egg-info/SOURCES.txt'
[3.820s] writing manifest file '../../build/turtlebot3_teleop/turtlebot3_teleop.egg-info/SOURCES.txt'
[3.820s] running build
[3.822s] running build_py
[3.823s] creating /home/rodrigo/turtlebot3_ws/src/build/turtlebot3_teleop/build
[3.829s] creating /home/rodrigo/turtlebot3_ws/src/build/turtlebot3_teleop/build/lib
[3.830s] creating /home/rodrigo/turtlebot3_ws/src/build/turtlebot3_teleop/build/lib/turtlebot3_teleop
[3.830s] copying turtlebot3_teleop/__init__.py -> /home/rodrigo/turtlebot3_ws/src/build/turtlebot3_teleop/build/lib/turtlebot3_teleop
[3.830s] creating /home/rodrigo/turtlebot3_ws/src/build/turtlebot3_teleop/build/lib/turtlebot3_teleop/script
[3.831s] copying turtlebot3_teleop/script/teleop_keyboard.py -> /home/rodrigo/turtlebot3_ws/src/build/turtlebot3_teleop/build/lib/turtlebot3_teleop/script
[3.831s] copying turtlebot3_teleop/script/__init__.py -> /home/rodrigo/turtlebot3_ws/src/build/turtlebot3_teleop/build/lib/turtlebot3_teleop/script
[3.831s] running install
[3.838s] running install_lib
[3.844s] creating /home/rodrigo/turtlebot3_ws/src/install/turtlebot3_teleop/lib/python3.10/site-packages/turtlebot3_teleop
[3.844s] creating /home/rodrigo/turtlebot3_ws/src/install/turtlebot3_teleop/lib/python3.10/site-packages/turtlebot3_teleop/script
[3.845s] copying /home/rodrigo/turtlebot3_ws/src/build/turtlebot3_teleop/build/lib/turtlebot3_teleop/script/teleop_keyboard.py -> /home/rodrigo/turtlebot3_ws/src/install/turtlebot3_teleop/lib/python3.10/site-packages/turtlebot3_teleop/script
[3.845s] copying /home/rodrigo/turtlebot3_ws/src/build/turtlebot3_teleop/build/lib/turtlebot3_teleop/script/__init__.py -> /home/rodrigo/turtlebot3_ws/src/install/turtlebot3_teleop/lib/python3.10/site-packages/turtlebot3_teleop/script
[3.846s] copying /home/rodrigo/turtlebot3_ws/src/build/turtlebot3_teleop/build/lib/turtlebot3_teleop/__init__.py -> /home/rodrigo/turtlebot3_ws/src/install/turtlebot3_teleop/lib/python3.10/site-packages/turtlebot3_teleop
[3.851s] byte-compiling /home/rodrigo/turtlebot3_ws/src/install/turtlebot3_teleop/lib/python3.10/site-packages/turtlebot3_teleop/script/teleop_keyboard.py to teleop_keyboard.cpython-310.pyc
[3.854s] byte-compiling /home/rodrigo/turtlebot3_ws/src/install/turtlebot3_teleop/lib/python3.10/site-packages/turtlebot3_teleop/script/__init__.py to __init__.cpython-310.pyc
[3.858s] byte-compiling /home/rodrigo/turtlebot3_ws/src/install/turtlebot3_teleop/lib/python3.10/site-packages/turtlebot3_teleop/__init__.py to __init__.cpython-310.pyc
[3.858s] running install_data
[3.859s] creating /home/rodrigo/turtlebot3_ws/src/install/turtlebot3_teleop/share/ament_index
[3.859s] creating /home/rodrigo/turtlebot3_ws/src/install/turtlebot3_teleop/share/ament_index/resource_index
[3.860s] creating /home/rodrigo/turtlebot3_ws/src/install/turtlebot3_teleop/share/ament_index/resource_index/packages
[3.860s] copying resource/turtlebot3_teleop -> /home/rodrigo/turtlebot3_ws/src/install/turtlebot3_teleop/share/ament_index/resource_index/packages
[3.863s] copying package.xml -> /home/rodrigo/turtlebot3_ws/src/install/turtlebot3_teleop/share/turtlebot3_teleop
[3.863s] running install_egg_info
[3.874s] Copying ../../build/turtlebot3_teleop/turtlebot3_teleop.egg-info to /home/rodrigo/turtlebot3_ws/src/install/turtlebot3_teleop/lib/python3.10/site-packages/turtlebot3_teleop-2.3.3-py3.10.egg-info
[3.881s] running install_scripts
[3.983s] Installing teleop_keyboard script to /home/rodrigo/turtlebot3_ws/src/install/turtlebot3_teleop/lib/turtlebot3_teleop
[3.985s] writing list of installed files to '/home/rodrigo/turtlebot3_ws/src/build/turtlebot3_teleop/install.log'
[4.136s] Invoked command in '/home/rodrigo/turtlebot3_ws/src/turtlebot3/turtlebot3_teleop' returned '0': PYTHONPATH=/home/rodrigo/turtlebot3_ws/src/build/turtlebot3_teleop/prefix_override:/usr/lib/python3/dist-packages/colcon_core/task/python/colcon_distutils_commands:/home/rodrigo/turtlebot3_ws/src/install/turtlebot3_teleop/lib/python3.10/site-packages:${PYTHONPATH} /usr/bin/python3 -W ignore:setup.py install is deprecated -W ignore:easy_install command is deprecated setup.py egg_info --egg-base ../../build/turtlebot3_teleop build --build-base /home/rodrigo/turtlebot3_ws/src/build/turtlebot3_teleop/build install --record /home/rodrigo/turtlebot3_ws/src/build/turtlebot3_teleop/install.log --single-version-externally-managed install_data
