[0.083s] Invoking command in '/home/rodrigo/turtlebot3_ws/src/build/dynamixel_sdk': CMAKE_PREFIX_PATH=${CMAKE_PREFIX_PATH}:/opt/ros/humble /usr/bin/cmake /home/rodrigo/turtlebot3_ws/src/DynamixelSDK/ros/dynamixel_sdk -DCMAKE_INSTALL_PREFIX=/home/rodrigo/turtlebot3_ws/src/install/dynamixel_sdk
[0.424s] -- The C compiler identification is GNU 11.4.0
[0.691s] -- The CXX compiler identification is GNU 11.4.0
[0.715s] -- Detecting C compiler ABI info
[0.917s] -- Detecting C compiler ABI info - done
[0.942s] -- Check for working C compiler: /usr/bin/cc - skipped
[0.951s] -- Detecting C compile features
[0.956s] -- Detecting C compile features - done
[0.989s] -- Detecting CXX compiler ABI info
[1.264s] -- Detecting CXX compiler ABI info - done
[1.292s] -- Check for working CXX compiler: /usr/bin/c++ - skipped
[1.294s] -- Detecting CXX compile features
[1.300s] -- Detecting CXX compile features - done
[1.304s] -- Found ament_cmake: 1.3.12 (/opt/ros/humble/share/ament_cmake/cmake)
[1.904s] -- Found Python3: /usr/bin/python3 (found version "3.10.12") found components: Interpreter 
[2.736s] -- Configuring done
[2.789s] -- Generating done
[2.798s] -- Build files have been written to: /home/rodrigo/turtlebot3_ws/src/build/dynamixel_sdk
[2.906s] Invoked command in '/home/rodrigo/turtlebot3_ws/src/build/dynamixel_sdk' returned '0': CMAKE_PREFIX_PATH=${CMAKE_PREFIX_PATH}:/opt/ros/humble /usr/bin/cmake /home/rodrigo/turtlebot3_ws/src/DynamixelSDK/ros/dynamixel_sdk -DCMAKE_INSTALL_PREFIX=/home/rodrigo/turtlebot3_ws/src/install/dynamixel_sdk
[2.909s] Invoking command in '/home/rodrigo/turtlebot3_ws/src/build/dynamixel_sdk': CMAKE_PREFIX_PATH=${CMAKE_PREFIX_PATH}:/opt/ros/humble /usr/bin/cmake --build /home/rodrigo/turtlebot3_ws/src/build/dynamixel_sdk -- -j12 -l12
[3.063s] [  7%] [32mBuilding CXX object CMakeFiles/dynamixel_sdk.dir/src/dynamixel_sdk/protocol1_packet_handler.cpp.o[0m
[3.064s] [ 15%] [32mBuilding CXX object CMakeFiles/dynamixel_sdk.dir/src/dynamixel_sdk/group_sync_read.cpp.o[0m
[3.064s] [ 23%] [32mBuilding CXX object CMakeFiles/dynamixel_sdk.dir/src/dynamixel_sdk/protocol2_packet_handler.cpp.o[0m
[3.066s] [ 30%] [32mBuilding CXX object CMakeFiles/dynamixel_sdk.dir/src/dynamixel_sdk/group_sync_write.cpp.o[0m
[3.072s] [ 38%] [32mBuilding CXX object CMakeFiles/dynamixel_sdk.dir/src/dynamixel_sdk/group_bulk_read.cpp.o[0m
[3.079s] [ 46%] [32mBuilding CXX object CMakeFiles/dynamixel_sdk.dir/src/dynamixel_sdk/packet_handler.cpp.o[0m
[3.088s] [ 53%] [32mBuilding CXX object CMakeFiles/dynamixel_sdk.dir/src/dynamixel_sdk/port_handler.cpp.o[0m
[3.089s] [ 61%] [32mBuilding CXX object CMakeFiles/dynamixel_sdk.dir/src/dynamixel_sdk/group_fast_sync_read.cpp.o[0m
[3.089s] [ 69%] [32mBuilding CXX object CMakeFiles/dynamixel_sdk.dir/src/dynamixel_sdk/group_fast_bulk_read.cpp.o[0m
[3.090s] [ 76%] [32mBuilding CXX object CMakeFiles/dynamixel_sdk.dir/src/dynamixel_sdk/group_bulk_write.cpp.o[0m
[3.111s] [ 84%] [32mBuilding CXX object CMakeFiles/dynamixel_sdk.dir/src/dynamixel_sdk/group_handler.cpp.o[0m
[3.134s] [ 84%] Built target ament_cmake_python_copy_dynamixel_sdk
[3.165s] [ 92%] [32mBuilding CXX object CMakeFiles/dynamixel_sdk.dir/src/dynamixel_sdk/port_handler_linux.cpp.o[0m
[4.689s] running egg_info
[4.697s] creating dynamixel_sdk.egg-info
[4.700s] writing dynamixel_sdk.egg-info/PKG-INFO
[4.700s] writing dependency_links to dynamixel_sdk.egg-info/dependency_links.txt
[4.703s] writing top-level names to dynamixel_sdk.egg-info/top_level.txt
[4.704s] writing manifest file 'dynamixel_sdk.egg-info/SOURCES.txt'
[4.716s] reading manifest file 'dynamixel_sdk.egg-info/SOURCES.txt'
[4.722s] writing manifest file 'dynamixel_sdk.egg-info/SOURCES.txt'
[4.847s] [ 92%] Built target ament_cmake_python_build_dynamixel_sdk_egg
[5.396s] [100%] [32m[1mLinking CXX shared library libdynamixel_sdk.so[0m
[5.636s] [100%] Built target dynamixel_sdk
[5.665s] Invoked command in '/home/rodrigo/turtlebot3_ws/src/build/dynamixel_sdk' returned '0': CMAKE_PREFIX_PATH=${CMAKE_PREFIX_PATH}:/opt/ros/humble /usr/bin/cmake --build /home/rodrigo/turtlebot3_ws/src/build/dynamixel_sdk -- -j12 -l12
[5.669s] Invoking command in '/home/rodrigo/turtlebot3_ws/src/build/dynamixel_sdk': CMAKE_PREFIX_PATH=${CMAKE_PREFIX_PATH}:/opt/ros/humble /usr/bin/cmake --install /home/rodrigo/turtlebot3_ws/src/build/dynamixel_sdk
[5.686s] -- Install configuration: ""
[5.686s] -- Installing: /home/rodrigo/turtlebot3_ws/src/install/dynamixel_sdk/include/
[5.687s] -- Installing: /home/rodrigo/turtlebot3_ws/src/install/dynamixel_sdk/include//dynamixel_sdk
[5.688s] -- Installing: /home/rodrigo/turtlebot3_ws/src/install/dynamixel_sdk/include//dynamixel_sdk/port_handler.h
[5.688s] -- Installing: /home/rodrigo/turtlebot3_ws/src/install/dynamixel_sdk/include//dynamixel_sdk/packet_handler.h
[5.688s] -- Installing: /home/rodrigo/turtlebot3_ws/src/install/dynamixel_sdk/include//dynamixel_sdk/protocol1_packet_handler.h
[5.688s] -- Installing: /home/rodrigo/turtlebot3_ws/src/install/dynamixel_sdk/include//dynamixel_sdk/group_fast_sync_read.h
[5.689s] -- Installing: /home/rodrigo/turtlebot3_ws/src/install/dynamixel_sdk/include//dynamixel_sdk/port_handler_mac.h
[5.689s] -- Installing: /home/rodrigo/turtlebot3_ws/src/install/dynamixel_sdk/include//dynamixel_sdk/port_handler_arduino.h
[5.689s] -- Installing: /home/rodrigo/turtlebot3_ws/src/install/dynamixel_sdk/include//dynamixel_sdk/protocol2_packet_handler.h
[5.690s] -- Installing: /home/rodrigo/turtlebot3_ws/src/install/dynamixel_sdk/include//dynamixel_sdk/dynamixel_sdk.h
[5.690s] -- Installing: /home/rodrigo/turtlebot3_ws/src/install/dynamixel_sdk/include//dynamixel_sdk/port_handler_linux.h
[5.691s] -- Installing: /home/rodrigo/turtlebot3_ws/src/install/dynamixel_sdk/include//dynamixel_sdk/group_bulk_write.h
[5.692s] -- Installing: /home/rodrigo/turtlebot3_ws/src/install/dynamixel_sdk/include//dynamixel_sdk/port_handler_windows.h
[5.692s] -- Installing: /home/rodrigo/turtlebot3_ws/src/install/dynamixel_sdk/include//dynamixel_sdk/group_bulk_read.h
[5.693s] -- Installing: /home/rodrigo/turtlebot3_ws/src/install/dynamixel_sdk/include//dynamixel_sdk/group_sync_read.h
[5.693s] -- Installing: /home/rodrigo/turtlebot3_ws/src/install/dynamixel_sdk/include//dynamixel_sdk/group_handler.h
[5.694s] -- Installing: /home/rodrigo/turtlebot3_ws/src/install/dynamixel_sdk/include//dynamixel_sdk/group_fast_bulk_read.h
[5.694s] -- Installing: /home/rodrigo/turtlebot3_ws/src/install/dynamixel_sdk/include//dynamixel_sdk/group_sync_write.h
[5.694s] -- Installing: /home/rodrigo/turtlebot3_ws/src/install/dynamixel_sdk/lib/libdynamixel_sdk.so
[5.695s] -- Installing: /home/rodrigo/turtlebot3_ws/src/install/dynamixel_sdk/share/dynamixel_sdk/environment/pythonpath.sh
[5.695s] -- Installing: /home/rodrigo/turtlebot3_ws/src/install/dynamixel_sdk/share/dynamixel_sdk/environment/pythonpath.dsv
[5.696s] -- Installing: /home/rodrigo/turtlebot3_ws/src/install/dynamixel_sdk/local/lib/python3.10/dist-packages/dynamixel_sdk-3.8.4-py3.10.egg-info
[5.696s] -- Installing: /home/rodrigo/turtlebot3_ws/src/install/dynamixel_sdk/local/lib/python3.10/dist-packages/dynamixel_sdk-3.8.4-py3.10.egg-info/PKG-INFO
[5.696s] -- Installing: /home/rodrigo/turtlebot3_ws/src/install/dynamixel_sdk/local/lib/python3.10/dist-packages/dynamixel_sdk-3.8.4-py3.10.egg-info/top_level.txt
[5.697s] -- Installing: /home/rodrigo/turtlebot3_ws/src/install/dynamixel_sdk/local/lib/python3.10/dist-packages/dynamixel_sdk-3.8.4-py3.10.egg-info/SOURCES.txt
[5.697s] -- Installing: /home/rodrigo/turtlebot3_ws/src/install/dynamixel_sdk/local/lib/python3.10/dist-packages/dynamixel_sdk-3.8.4-py3.10.egg-info/dependency_links.txt
[5.697s] -- Installing: /home/rodrigo/turtlebot3_ws/src/install/dynamixel_sdk/local/lib/python3.10/dist-packages/dynamixel_sdk
[5.698s] -- Installing: /home/rodrigo/turtlebot3_ws/src/install/dynamixel_sdk/local/lib/python3.10/dist-packages/dynamixel_sdk/group_fast_bulk_read.cpp
[5.698s] -- Installing: /home/rodrigo/turtlebot3_ws/src/install/dynamixel_sdk/local/lib/python3.10/dist-packages/dynamixel_sdk/port_handler_linux.cpp
[5.698s] -- Installing: /home/rodrigo/turtlebot3_ws/src/install/dynamixel_sdk/local/lib/python3.10/dist-packages/dynamixel_sdk/packet_handler.cpp
[5.699s] -- Installing: /home/rodrigo/turtlebot3_ws/src/install/dynamixel_sdk/local/lib/python3.10/dist-packages/dynamixel_sdk/group_sync_write.cpp
[5.699s] -- Installing: /home/rodrigo/turtlebot3_ws/src/install/dynamixel_sdk/local/lib/python3.10/dist-packages/dynamixel_sdk/group_sync_read.cpp
[5.700s] -- Installing: /home/rodrigo/turtlebot3_ws/src/install/dynamixel_sdk/local/lib/python3.10/dist-packages/dynamixel_sdk/packet_handler.py
[5.700s] -- Installing: /home/rodrigo/turtlebot3_ws/src/install/dynamixel_sdk/local/lib/python3.10/dist-packages/dynamixel_sdk/group_bulk_read.py
[5.700s] -- Installing: /home/rodrigo/turtlebot3_ws/src/install/dynamixel_sdk/local/lib/python3.10/dist-packages/dynamixel_sdk/group_handler.cpp
[5.701s] -- Installing: /home/rodrigo/turtlebot3_ws/src/install/dynamixel_sdk/local/lib/python3.10/dist-packages/dynamixel_sdk/robotis_def.py
[5.701s] -- Installing: /home/rodrigo/turtlebot3_ws/src/install/dynamixel_sdk/local/lib/python3.10/dist-packages/dynamixel_sdk/port_handler.cpp
[5.701s] -- Installing: /home/rodrigo/turtlebot3_ws/src/install/dynamixel_sdk/local/lib/python3.10/dist-packages/dynamixel_sdk/protocol2_packet_handler.py
[5.702s] -- Installing: /home/rodrigo/turtlebot3_ws/src/install/dynamixel_sdk/local/lib/python3.10/dist-packages/dynamixel_sdk/port_handler_arduino.cpp
[5.702s] -- Installing: /home/rodrigo/turtlebot3_ws/src/install/dynamixel_sdk/local/lib/python3.10/dist-packages/dynamixel_sdk/group_bulk_write.cpp
[5.702s] -- Installing: /home/rodrigo/turtlebot3_ws/src/install/dynamixel_sdk/local/lib/python3.10/dist-packages/dynamixel_sdk/port_handler_windows.cpp
[5.702s] -- Installing: /home/rodrigo/turtlebot3_ws/src/install/dynamixel_sdk/local/lib/python3.10/dist-packages/dynamixel_sdk/protocol1_packet_handler.cpp
[5.703s] -- Installing: /home/rodrigo/turtlebot3_ws/src/install/dynamixel_sdk/local/lib/python3.10/dist-packages/dynamixel_sdk/port_handler_mac.cpp
[5.703s] -- Installing: /home/rodrigo/turtlebot3_ws/src/install/dynamixel_sdk/local/lib/python3.10/dist-packages/dynamixel_sdk/group_sync_read.py
[5.703s] -- Installing: /home/rodrigo/turtlebot3_ws/src/install/dynamixel_sdk/local/lib/python3.10/dist-packages/dynamixel_sdk/group_bulk_read.cpp
[5.703s] -- Installing: /home/rodrigo/turtlebot3_ws/src/install/dynamixel_sdk/local/lib/python3.10/dist-packages/dynamixel_sdk/__init__.py
[5.704s] -- Installing: /home/rodrigo/turtlebot3_ws/src/install/dynamixel_sdk/local/lib/python3.10/dist-packages/dynamixel_sdk/group_sync_write.py
[5.704s] -- Installing: /home/rodrigo/turtlebot3_ws/src/install/dynamixel_sdk/local/lib/python3.10/dist-packages/dynamixel_sdk/group_bulk_write.py
[5.704s] -- Installing: /home/rodrigo/turtlebot3_ws/src/install/dynamixel_sdk/local/lib/python3.10/dist-packages/dynamixel_sdk/protocol1_packet_handler.py
[5.705s] -- Installing: /home/rodrigo/turtlebot3_ws/src/install/dynamixel_sdk/local/lib/python3.10/dist-packages/dynamixel_sdk/group_fast_sync_read.cpp
[5.705s] -- Installing: /home/rodrigo/turtlebot3_ws/src/install/dynamixel_sdk/local/lib/python3.10/dist-packages/dynamixel_sdk/port_handler.py
[5.705s] -- Installing: /home/rodrigo/turtlebot3_ws/src/install/dynamixel_sdk/local/lib/python3.10/dist-packages/dynamixel_sdk/protocol2_packet_handler.cpp
[5.827s] Listing '/home/rodrigo/turtlebot3_ws/src/install/dynamixel_sdk/local/lib/python3.10/dist-packages/dynamixel_sdk'...
[5.828s] Compiling '/home/rodrigo/turtlebot3_ws/src/install/dynamixel_sdk/local/lib/python3.10/dist-packages/dynamixel_sdk/__init__.py'...
[5.828s] Compiling '/home/rodrigo/turtlebot3_ws/src/install/dynamixel_sdk/local/lib/python3.10/dist-packages/dynamixel_sdk/group_bulk_read.py'...
[5.828s] Compiling '/home/rodrigo/turtlebot3_ws/src/install/dynamixel_sdk/local/lib/python3.10/dist-packages/dynamixel_sdk/group_bulk_write.py'...
[5.828s] Compiling '/home/rodrigo/turtlebot3_ws/src/install/dynamixel_sdk/local/lib/python3.10/dist-packages/dynamixel_sdk/group_sync_read.py'...
[5.828s] Compiling '/home/rodrigo/turtlebot3_ws/src/install/dynamixel_sdk/local/lib/python3.10/dist-packages/dynamixel_sdk/group_sync_write.py'...
[5.829s] Compiling '/home/rodrigo/turtlebot3_ws/src/install/dynamixel_sdk/local/lib/python3.10/dist-packages/dynamixel_sdk/packet_handler.py'...
[5.829s] Compiling '/home/rodrigo/turtlebot3_ws/src/install/dynamixel_sdk/local/lib/python3.10/dist-packages/dynamixel_sdk/port_handler.py'...
[5.829s] Compiling '/home/rodrigo/turtlebot3_ws/src/install/dynamixel_sdk/local/lib/python3.10/dist-packages/dynamixel_sdk/protocol1_packet_handler.py'...
[5.829s] Compiling '/home/rodrigo/turtlebot3_ws/src/install/dynamixel_sdk/local/lib/python3.10/dist-packages/dynamixel_sdk/protocol2_packet_handler.py'...
[5.829s] Compiling '/home/rodrigo/turtlebot3_ws/src/install/dynamixel_sdk/local/lib/python3.10/dist-packages/dynamixel_sdk/robotis_def.py'...
[5.840s] -- Installing: /home/rodrigo/turtlebot3_ws/src/install/dynamixel_sdk/share/dynamixel_sdk/environment/library_path.sh
[5.840s] -- Installing: /home/rodrigo/turtlebot3_ws/src/install/dynamixel_sdk/share/dynamixel_sdk/environment/library_path.dsv
[5.841s] -- Installing: /home/rodrigo/turtlebot3_ws/src/install/dynamixel_sdk/share/ament_index/resource_index/package_run_dependencies/dynamixel_sdk
[5.841s] -- Installing: /home/rodrigo/turtlebot3_ws/src/install/dynamixel_sdk/share/ament_index/resource_index/parent_prefix_path/dynamixel_sdk
[5.841s] -- Installing: /home/rodrigo/turtlebot3_ws/src/install/dynamixel_sdk/share/dynamixel_sdk/environment/ament_prefix_path.sh
[5.842s] -- Installing: /home/rodrigo/turtlebot3_ws/src/install/dynamixel_sdk/share/dynamixel_sdk/environment/ament_prefix_path.dsv
[5.842s] -- Installing: /home/rodrigo/turtlebot3_ws/src/install/dynamixel_sdk/share/dynamixel_sdk/environment/path.sh
[5.842s] -- Installing: /home/rodrigo/turtlebot3_ws/src/install/dynamixel_sdk/share/dynamixel_sdk/environment/path.dsv
[5.842s] -- Installing: /home/rodrigo/turtlebot3_ws/src/install/dynamixel_sdk/share/dynamixel_sdk/local_setup.bash
[5.843s] -- Installing: /home/rodrigo/turtlebot3_ws/src/install/dynamixel_sdk/share/dynamixel_sdk/local_setup.sh
[5.843s] -- Installing: /home/rodrigo/turtlebot3_ws/src/install/dynamixel_sdk/share/dynamixel_sdk/local_setup.zsh
[5.844s] -- Installing: /home/rodrigo/turtlebot3_ws/src/install/dynamixel_sdk/share/dynamixel_sdk/local_setup.dsv
[5.844s] -- Installing: /home/rodrigo/turtlebot3_ws/src/install/dynamixel_sdk/share/dynamixel_sdk/package.dsv
[5.844s] -- Installing: /home/rodrigo/turtlebot3_ws/src/install/dynamixel_sdk/share/ament_index/resource_index/packages/dynamixel_sdk
[5.844s] -- Installing: /home/rodrigo/turtlebot3_ws/src/install/dynamixel_sdk/share/dynamixel_sdk/cmake/dynamixel_sdkExport.cmake
[5.845s] -- Installing: /home/rodrigo/turtlebot3_ws/src/install/dynamixel_sdk/share/dynamixel_sdk/cmake/dynamixel_sdkExport-noconfig.cmake
[5.845s] -- Installing: /home/rodrigo/turtlebot3_ws/src/install/dynamixel_sdk/share/dynamixel_sdk/cmake/ament_cmake_export_targets-extras.cmake
[5.845s] -- Installing: /home/rodrigo/turtlebot3_ws/src/install/dynamixel_sdk/share/dynamixel_sdk/cmake/ament_cmake_export_include_directories-extras.cmake
[5.846s] -- Installing: /home/rodrigo/turtlebot3_ws/src/install/dynamixel_sdk/share/dynamixel_sdk/cmake/ament_cmake_export_libraries-extras.cmake
[5.846s] -- Installing: /home/rodrigo/turtlebot3_ws/src/install/dynamixel_sdk/share/dynamixel_sdk/cmake/dynamixel_sdkConfig.cmake
[5.846s] -- Installing: /home/rodrigo/turtlebot3_ws/src/install/dynamixel_sdk/share/dynamixel_sdk/cmake/dynamixel_sdkConfig-version.cmake
[5.847s] -- Installing: /home/rodrigo/turtlebot3_ws/src/install/dynamixel_sdk/share/dynamixel_sdk/package.xml
[5.851s] Invoked command in '/home/rodrigo/turtlebot3_ws/src/build/dynamixel_sdk' returned '0': CMAKE_PREFIX_PATH=${CMAKE_PREFIX_PATH}:/opt/ros/humble /usr/bin/cmake --install /home/rodrigo/turtlebot3_ws/src/build/dynamixel_sdk
