[1.462s] Invoking command in '/home/rodrigo/turtlebot3_ws/src/build/turtlebot3_fake_node': AMENT_PREFIX_PATH=/home/rodrigo/turtlebot3_ws/src/install/turtlebot3_msgs:${AMENT_PREFIX_PATH} CMAKE_PREFIX_PATH=/home/rodrigo/turtlebot3_ws/src/install/turtlebot3_msgs:/home/rodrigo/scara_ws/install/scara_description:/opt/ros/humble LD_LIBRARY_PATH=/home/rodrigo/turtlebot3_ws/src/install/turtlebot3_msgs/lib:/usr/lib/x86_64-linux-gnu/gazebo-11/plugins:/opt/ros/humble/opt/rviz_ogre_vendor/lib:/opt/ros/humble/lib/x86_64-linux-gnu:/opt/ros/humble/lib:/usr/lib/x86_64-linux-gnu/gazebo-11/plugins PYTHONPATH=/home/rodrigo/turtlebot3_ws/src/install/turtlebot3_msgs/local/lib/python3.10/dist-packages:${PYTHONPATH} /usr/bin/cmake /home/rodrigo/turtlebot3_ws/src/turtlebot3_simulations/turtlebot3_fake_node -DCMAKE_INSTALL_PREFIX=/home/rodrigo/turtlebot3_ws/src/install/turtlebot3_fake_node
[1.639s] -- The C compiler identification is GNU 11.4.0
[1.879s] -- The CXX compiler identification is GNU 11.4.0
[1.909s] -- Detecting C compiler ABI info
[2.189s] -- Detecting C compiler ABI info - done
[2.219s] -- Check for working C compiler: /usr/bin/cc - skipped
[2.221s] -- Detecting C compile features
[2.223s] -- Detecting C compile features - done
[2.240s] -- Detecting CXX compiler ABI info
[2.558s] -- Detecting CXX compiler ABI info - done
[2.588s] -- Check for working CXX compiler: /usr/bin/c++ - skipped
[2.590s] -- Detecting CXX compile features
[2.592s] -- Detecting CXX compile features - done
[2.605s] -- Found ament_cmake: 1.3.12 (/opt/ros/humble/share/ament_cmake/cmake)
[3.210s] -- Found Python3: /usr/bin/python3 (found version "3.10.12") found components: Interpreter 
[3.630s] -- Found geometry_msgs: 4.9.0 (/opt/ros/humble/share/geometry_msgs/cmake)
[3.812s] -- Found rosidl_generator_c: 3.1.7 (/opt/ros/humble/share/rosidl_generator_c/cmake)
[3.837s] -- Found rosidl_adapter: 3.1.7 (/opt/ros/humble/share/rosidl_adapter/cmake)
[3.877s] -- Found rosidl_generator_cpp: 3.1.7 (/opt/ros/humble/share/rosidl_generator_cpp/cmake)
[3.933s] -- Using all available rosidl_typesupport_c: rosidl_typesupport_fastrtps_c;rosidl_typesupport_introspection_c
[4.023s] -- Using all available rosidl_typesupport_cpp: rosidl_typesupport_fastrtps_cpp;rosidl_typesupport_introspection_cpp
[4.263s] -- Found nav_msgs: 4.9.0 (/opt/ros/humble/share/nav_msgs/cmake)
[4.360s] -- Found rclcpp: 16.0.15 (/opt/ros/humble/share/rclcpp/cmake)
[4.577s] -- Found rmw_implementation_cmake: 6.1.2 (/opt/ros/humble/share/rmw_implementation_cmake/cmake)
[4.591s] -- Found rmw_fastrtps_cpp: 6.2.8 (/opt/ros/humble/share/rmw_fastrtps_cpp/cmake)
[4.931s] -- Found OpenSSL: /usr/lib/x86_64-linux-gnu/libcrypto.so (found version "3.0.2")  
[5.024s] -- Found FastRTPS: /opt/ros/humble/include  
[5.205s] -- Using RMW implementation 'rmw_fastrtps_cpp' as default
[5.250s] -- Looking for pthread.h
[5.498s] -- Looking for pthread.h - found
[5.499s] -- Performing Test CMAKE_HAVE_LIBC_PTHREAD
[5.755s] -- Performing Test CMAKE_HAVE_LIBC_PTHREAD - Success
[5.758s] -- Found Threads: TRUE  
[5.894s] -- Found sensor_msgs: 4.9.0 (/opt/ros/humble/share/sensor_msgs/cmake)
[5.950s] -- Found tf2: 0.25.16 (/opt/ros/humble/share/tf2/cmake)
[5.984s] -- Found tf2_msgs: 0.25.16 (/opt/ros/humble/share/tf2_msgs/cmake)
[6.160s] -- Found turtlebot3_msgs: 2.4.0 (/home/rodrigo/turtlebot3_ws/src/install/turtlebot3_msgs/share/turtlebot3_msgs/cmake)
[6.727s] -- Configuring done
[6.838s] -- Generating done
[6.904s] -- Build files have been written to: /home/rodrigo/turtlebot3_ws/src/build/turtlebot3_fake_node
[6.943s] Invoked command in '/home/rodrigo/turtlebot3_ws/src/build/turtlebot3_fake_node' returned '0': AMENT_PREFIX_PATH=/home/rodrigo/turtlebot3_ws/src/install/turtlebot3_msgs:${AMENT_PREFIX_PATH} CMAKE_PREFIX_PATH=/home/rodrigo/turtlebot3_ws/src/install/turtlebot3_msgs:/home/rodrigo/scara_ws/install/scara_description:/opt/ros/humble LD_LIBRARY_PATH=/home/rodrigo/turtlebot3_ws/src/install/turtlebot3_msgs/lib:/usr/lib/x86_64-linux-gnu/gazebo-11/plugins:/opt/ros/humble/opt/rviz_ogre_vendor/lib:/opt/ros/humble/lib/x86_64-linux-gnu:/opt/ros/humble/lib:/usr/lib/x86_64-linux-gnu/gazebo-11/plugins PYTHONPATH=/home/rodrigo/turtlebot3_ws/src/install/turtlebot3_msgs/local/lib/python3.10/dist-packages:${PYTHONPATH} /usr/bin/cmake /home/rodrigo/turtlebot3_ws/src/turtlebot3_simulations/turtlebot3_fake_node -DCMAKE_INSTALL_PREFIX=/home/rodrigo/turtlebot3_ws/src/install/turtlebot3_fake_node
[6.945s] Invoking command in '/home/rodrigo/turtlebot3_ws/src/build/turtlebot3_fake_node': AMENT_PREFIX_PATH=/home/rodrigo/turtlebot3_ws/src/install/turtlebot3_msgs:${AMENT_PREFIX_PATH} CMAKE_PREFIX_PATH=/home/rodrigo/turtlebot3_ws/src/install/turtlebot3_msgs:/home/rodrigo/scara_ws/install/scara_description:/opt/ros/humble LD_LIBRARY_PATH=/home/rodrigo/turtlebot3_ws/src/install/turtlebot3_msgs/lib:/usr/lib/x86_64-linux-gnu/gazebo-11/plugins:/opt/ros/humble/opt/rviz_ogre_vendor/lib:/opt/ros/humble/lib/x86_64-linux-gnu:/opt/ros/humble/lib:/usr/lib/x86_64-linux-gnu/gazebo-11/plugins PYTHONPATH=/home/rodrigo/turtlebot3_ws/src/install/turtlebot3_msgs/local/lib/python3.10/dist-packages:${PYTHONPATH} /usr/bin/cmake --build /home/rodrigo/turtlebot3_ws/src/build/turtlebot3_fake_node -- -j12 -l12
[7.318s] [ 50%] [32mBuilding CXX object CMakeFiles/turtlebot3_fake_node.dir/src/turtlebot3_fake_node.cpp.o[0m
[60.785s] [100%] [32m[1mLinking CXX executable turtlebot3_fake_node[0m
[62.931s] [100%] Built target turtlebot3_fake_node
[64.079s] Invoked command in '/home/rodrigo/turtlebot3_ws/src/build/turtlebot3_fake_node' returned '0': AMENT_PREFIX_PATH=/home/rodrigo/turtlebot3_ws/src/install/turtlebot3_msgs:${AMENT_PREFIX_PATH} CMAKE_PREFIX_PATH=/home/rodrigo/turtlebot3_ws/src/install/turtlebot3_msgs:/home/rodrigo/scara_ws/install/scara_description:/opt/ros/humble LD_LIBRARY_PATH=/home/rodrigo/turtlebot3_ws/src/install/turtlebot3_msgs/lib:/usr/lib/x86_64-linux-gnu/gazebo-11/plugins:/opt/ros/humble/opt/rviz_ogre_vendor/lib:/opt/ros/humble/lib/x86_64-linux-gnu:/opt/ros/humble/lib:/usr/lib/x86_64-linux-gnu/gazebo-11/plugins PYTHONPATH=/home/rodrigo/turtlebot3_ws/src/install/turtlebot3_msgs/local/lib/python3.10/dist-packages:${PYTHONPATH} /usr/bin/cmake --build /home/rodrigo/turtlebot3_ws/src/build/turtlebot3_fake_node -- -j12 -l12
[64.092s] Invoking command in '/home/rodrigo/turtlebot3_ws/src/build/turtlebot3_fake_node': AMENT_PREFIX_PATH=/home/rodrigo/turtlebot3_ws/src/install/turtlebot3_msgs:${AMENT_PREFIX_PATH} CMAKE_PREFIX_PATH=/home/rodrigo/turtlebot3_ws/src/install/turtlebot3_msgs:/home/rodrigo/scara_ws/install/scara_description:/opt/ros/humble LD_LIBRARY_PATH=/home/rodrigo/turtlebot3_ws/src/install/turtlebot3_msgs/lib:/usr/lib/x86_64-linux-gnu/gazebo-11/plugins:/opt/ros/humble/opt/rviz_ogre_vendor/lib:/opt/ros/humble/lib/x86_64-linux-gnu:/opt/ros/humble/lib:/usr/lib/x86_64-linux-gnu/gazebo-11/plugins PYTHONPATH=/home/rodrigo/turtlebot3_ws/src/install/turtlebot3_msgs/local/lib/python3.10/dist-packages:${PYTHONPATH} /usr/bin/cmake --install /home/rodrigo/turtlebot3_ws/src/build/turtlebot3_fake_node
[64.105s] -- Install configuration: ""
[64.105s] -- Installing: /home/rodrigo/turtlebot3_ws/src/install/turtlebot3_fake_node/lib/turtlebot3_fake_node/turtlebot3_fake_node
[64.110s] -- Set runtime path of "/home/rodrigo/turtlebot3_ws/src/install/turtlebot3_fake_node/lib/turtlebot3_fake_node/turtlebot3_fake_node" to ""
[64.112s] -- Installing: /home/rodrigo/turtlebot3_ws/src/install/turtlebot3_fake_node/share/turtlebot3_fake_node/launch
[64.114s] -- Installing: /home/rodrigo/turtlebot3_ws/src/install/turtlebot3_fake_node/share/turtlebot3_fake_node/launch/rviz2.launch.py
[64.117s] -- Installing: /home/rodrigo/turtlebot3_ws/src/install/turtlebot3_fake_node/share/turtlebot3_fake_node/launch/turtlebot3_fake_node.launch.py
[64.119s] -- Installing: /home/rodrigo/turtlebot3_ws/src/install/turtlebot3_fake_node/share/turtlebot3_fake_node/param
[64.121s] -- Installing: /home/rodrigo/turtlebot3_ws/src/install/turtlebot3_fake_node/share/turtlebot3_fake_node/param/burger.yaml
[64.123s] -- Installing: /home/rodrigo/turtlebot3_ws/src/install/turtlebot3_fake_node/share/turtlebot3_fake_node/param/waffle_pi.yaml
[64.124s] -- Installing: /home/rodrigo/turtlebot3_ws/src/install/turtlebot3_fake_node/share/turtlebot3_fake_node/param/waffle.yaml
[64.127s] -- Installing: /home/rodrigo/turtlebot3_ws/src/install/turtlebot3_fake_node/include/
[64.129s] -- Installing: /home/rodrigo/turtlebot3_ws/src/install/turtlebot3_fake_node/include//turtlebot3_fake_node
[64.131s] -- Installing: /home/rodrigo/turtlebot3_ws/src/install/turtlebot3_fake_node/include//turtlebot3_fake_node/turtlebot3_fake_node.hpp
[64.142s] -- Installing: /home/rodrigo/turtlebot3_ws/src/install/turtlebot3_fake_node/share/ament_index/resource_index/package_run_dependencies/turtlebot3_fake_node
[64.146s] -- Installing: /home/rodrigo/turtlebot3_ws/src/install/turtlebot3_fake_node/share/ament_index/resource_index/parent_prefix_path/turtlebot3_fake_node
[64.149s] -- Installing: /home/rodrigo/turtlebot3_ws/src/install/turtlebot3_fake_node/share/turtlebot3_fake_node/environment/ament_prefix_path.sh
[64.152s] -- Installing: /home/rodrigo/turtlebot3_ws/src/install/turtlebot3_fake_node/share/turtlebot3_fake_node/environment/ament_prefix_path.dsv
[64.154s] -- Installing: /home/rodrigo/turtlebot3_ws/src/install/turtlebot3_fake_node/share/turtlebot3_fake_node/environment/path.sh
[64.154s] -- Installing: /home/rodrigo/turtlebot3_ws/src/install/turtlebot3_fake_node/share/turtlebot3_fake_node/environment/path.dsv
[64.156s] -- Installing: /home/rodrigo/turtlebot3_ws/src/install/turtlebot3_fake_node/share/turtlebot3_fake_node/local_setup.bash
[64.158s] -- Installing: /home/rodrigo/turtlebot3_ws/src/install/turtlebot3_fake_node/share/turtlebot3_fake_node/local_setup.sh
[64.160s] -- Installing: /home/rodrigo/turtlebot3_ws/src/install/turtlebot3_fake_node/share/turtlebot3_fake_node/local_setup.zsh
[64.162s] -- Installing: /home/rodrigo/turtlebot3_ws/src/install/turtlebot3_fake_node/share/turtlebot3_fake_node/local_setup.dsv
[64.163s] -- Installing: /home/rodrigo/turtlebot3_ws/src/install/turtlebot3_fake_node/share/turtlebot3_fake_node/package.dsv
[64.167s] -- Installing: /home/rodrigo/turtlebot3_ws/src/install/turtlebot3_fake_node/share/ament_index/resource_index/packages/turtlebot3_fake_node
[64.168s] -- Installing: /home/rodrigo/turtlebot3_ws/src/install/turtlebot3_fake_node/share/turtlebot3_fake_node/cmake/ament_cmake_export_include_directories-extras.cmake
[64.172s] -- Installing: /home/rodrigo/turtlebot3_ws/src/install/turtlebot3_fake_node/share/turtlebot3_fake_node/cmake/ament_cmake_export_dependencies-extras.cmake
[64.213s] -- Installing: /home/rodrigo/turtlebot3_ws/src/install/turtlebot3_fake_node/share/turtlebot3_fake_node/cmake/turtlebot3_fake_nodeConfig.cmake
[64.215s] -- Installing: /home/rodrigo/turtlebot3_ws/src/install/turtlebot3_fake_node/share/turtlebot3_fake_node/cmake/turtlebot3_fake_nodeConfig-version.cmake
[64.217s] -- Installing: /home/rodrigo/turtlebot3_ws/src/install/turtlebot3_fake_node/share/turtlebot3_fake_node/package.xml
[64.225s] Invoked command in '/home/rodrigo/turtlebot3_ws/src/build/turtlebot3_fake_node' returned '0': AMENT_PREFIX_PATH=/home/rodrigo/turtlebot3_ws/src/install/turtlebot3_msgs:${AMENT_PREFIX_PATH} CMAKE_PREFIX_PATH=/home/rodrigo/turtlebot3_ws/src/install/turtlebot3_msgs:/home/rodrigo/scara_ws/install/scara_description:/opt/ros/humble LD_LIBRARY_PATH=/home/rodrigo/turtlebot3_ws/src/install/turtlebot3_msgs/lib:/usr/lib/x86_64-linux-gnu/gazebo-11/plugins:/opt/ros/humble/opt/rviz_ogre_vendor/lib:/opt/ros/humble/lib/x86_64-linux-gnu:/opt/ros/humble/lib:/usr/lib/x86_64-linux-gnu/gazebo-11/plugins PYTHONPATH=/home/rodrigo/turtlebot3_ws/src/install/turtlebot3_msgs/local/lib/python3.10/dist-packages:${PYTHONPATH} /usr/bin/cmake --install /home/rodrigo/turtlebot3_ws/src/build/turtlebot3_fake_node
