[3.646s] Invoking command in '/home/rodrigo/turtlebot3_ws/src/turtlebot3/turtlebot3_example': AMENT_PREFIX_PATH=/home/rodrigo/turtlebot3_ws/src/install/turtlebot3_msgs:${AMENT_PREFIX_PATH} CMAKE_PREFIX_PATH=/home/rodrigo/turtlebot3_ws/src/install/turtlebot3_msgs:${CMAKE_PREFIX_PATH} LD_LIBRARY_PATH=/home/rodrigo/turtlebot3_ws/src/install/turtlebot3_msgs/lib:/usr/lib/x86_64-linux-gnu/gazebo-11/plugins:/opt/ros/humble/opt/rviz_ogre_vendor/lib:/opt/ros/humble/lib/x86_64-linux-gnu:/opt/ros/humble/lib:/usr/lib/x86_64-linux-gnu/gazebo-11/plugins PYTHONPATH=/home/rodrigo/turtlebot3_ws/src/build/turtlebot3_example/prefix_override:/usr/lib/python3/dist-packages/colcon_core/task/python/colcon_distutils_commands:/home/rodrigo/turtlebot3_ws/src/install/turtlebot3_example/lib/python3.10/site-packages:/home/rodrigo/turtlebot3_ws/src/install/turtlebot3_msgs/local/lib/python3.10/dist-packages:${PYTHONPATH} /usr/bin/python3 -W ignore:setup.py install is deprecated -W ignore:easy_install command is deprecated setup.py egg_info --egg-base ../../build/turtlebot3_example build --build-base /home/rodrigo/turtlebot3_ws/src/build/turtlebot3_example/build install --record /home/rodrigo/turtlebot3_ws/src/build/turtlebot3_example/install.log --single-version-externally-managed install_data
[4.399s] running egg_info
[4.401s] creating ../../build/turtlebot3_example/turtlebot3_example.egg-info
[4.402s] writing ../../build/turtlebot3_example/turtlebot3_example.egg-info/PKG-INFO
[4.403s] writing dependency_links to ../../build/turtlebot3_example/turtlebot3_example.egg-info/dependency_links.txt
[4.403s] writing entry points to ../../build/turtlebot3_example/turtlebot3_example.egg-info/entry_points.txt
[4.404s] writing requirements to ../../build/turtlebot3_example/turtlebot3_example.egg-info/requires.txt
[4.405s] writing top-level names to ../../build/turtlebot3_example/turtlebot3_example.egg-info/top_level.txt
[4.405s] writing manifest file '../../build/turtlebot3_example/turtlebot3_example.egg-info/SOURCES.txt'
[4.414s] reading manifest file '../../build/turtlebot3_example/turtlebot3_example.egg-info/SOURCES.txt'
[4.417s] writing manifest file '../../build/turtlebot3_example/turtlebot3_example.egg-info/SOURCES.txt'
[4.418s] running build
[4.418s] running build_py
[4.418s] creating /home/rodrigo/turtlebot3_ws/src/build/turtlebot3_example/build
[4.419s] creating /home/rodrigo/turtlebot3_ws/src/build/turtlebot3_example/build/lib
[4.419s] creating /home/rodrigo/turtlebot3_ws/src/build/turtlebot3_example/build/lib/turtlebot3_example
[4.419s] copying turtlebot3_example/__init__.py -> /home/rodrigo/turtlebot3_ws/src/build/turtlebot3_example/build/lib/turtlebot3_example
[4.421s] creating /home/rodrigo/turtlebot3_ws/src/build/turtlebot3_example/build/lib/turtlebot3_example/turtlebot3_interactive_marker
[4.422s] copying turtlebot3_example/turtlebot3_interactive_marker/turtlebot3_interactive_marker.py -> /home/rodrigo/turtlebot3_ws/src/build/turtlebot3_example/build/lib/turtlebot3_example/turtlebot3_interactive_marker
[4.422s] copying turtlebot3_example/turtlebot3_interactive_marker/__init__.py -> /home/rodrigo/turtlebot3_ws/src/build/turtlebot3_example/build/lib/turtlebot3_example/turtlebot3_interactive_marker
[4.422s] creating /home/rodrigo/turtlebot3_ws/src/build/turtlebot3_example/build/lib/turtlebot3_example/turtlebot3_absolute_move
[4.423s] copying turtlebot3_example/turtlebot3_absolute_move/turtlebot3_absolute_move.py -> /home/rodrigo/turtlebot3_ws/src/build/turtlebot3_example/build/lib/turtlebot3_example/turtlebot3_absolute_move
[4.423s] copying turtlebot3_example/turtlebot3_absolute_move/__init__.py -> /home/rodrigo/turtlebot3_ws/src/build/turtlebot3_example/build/lib/turtlebot3_example/turtlebot3_absolute_move
[4.424s] creating /home/rodrigo/turtlebot3_ws/src/build/turtlebot3_example/build/lib/turtlebot3_example/turtlebot3_patrol
[4.425s] copying turtlebot3_example/turtlebot3_patrol/turtlebot3_patrol_client.py -> /home/rodrigo/turtlebot3_ws/src/build/turtlebot3_example/build/lib/turtlebot3_example/turtlebot3_patrol
[4.426s] copying turtlebot3_example/turtlebot3_patrol/__init__.py -> /home/rodrigo/turtlebot3_ws/src/build/turtlebot3_example/build/lib/turtlebot3_example/turtlebot3_patrol
[4.427s] copying turtlebot3_example/turtlebot3_patrol/turtlebot3_patrol_server.py -> /home/rodrigo/turtlebot3_ws/src/build/turtlebot3_example/build/lib/turtlebot3_example/turtlebot3_patrol
[4.429s] creating /home/rodrigo/turtlebot3_ws/src/build/turtlebot3_example/build/lib/turtlebot3_example/turtlebot3_obstacle_detection
[4.429s] copying turtlebot3_example/turtlebot3_obstacle_detection/turtlebot3_obstacle_detection.py -> /home/rodrigo/turtlebot3_ws/src/build/turtlebot3_example/build/lib/turtlebot3_example/turtlebot3_obstacle_detection
[4.430s] copying turtlebot3_example/turtlebot3_obstacle_detection/__init__.py -> /home/rodrigo/turtlebot3_ws/src/build/turtlebot3_example/build/lib/turtlebot3_example/turtlebot3_obstacle_detection
[4.432s] creating /home/rodrigo/turtlebot3_ws/src/build/turtlebot3_example/build/lib/turtlebot3_example/turtlebot3_relative_move
[4.432s] copying turtlebot3_example/turtlebot3_relative_move/turtlebot3_relative_move.py -> /home/rodrigo/turtlebot3_ws/src/build/turtlebot3_example/build/lib/turtlebot3_example/turtlebot3_relative_move
[4.433s] copying turtlebot3_example/turtlebot3_relative_move/__init__.py -> /home/rodrigo/turtlebot3_ws/src/build/turtlebot3_example/build/lib/turtlebot3_example/turtlebot3_relative_move
[4.439s] running install
[4.440s] running install_lib
[4.444s] creating /home/rodrigo/turtlebot3_ws/src/install/turtlebot3_example/lib/python3.10/site-packages/turtlebot3_example
[4.445s] creating /home/rodrigo/turtlebot3_ws/src/install/turtlebot3_example/lib/python3.10/site-packages/turtlebot3_example/turtlebot3_interactive_marker
[4.448s] copying /home/rodrigo/turtlebot3_ws/src/build/turtlebot3_example/build/lib/turtlebot3_example/turtlebot3_interactive_marker/turtlebot3_interactive_marker.py -> /home/rodrigo/turtlebot3_ws/src/install/turtlebot3_example/lib/python3.10/site-packages/turtlebot3_example/turtlebot3_interactive_marker
[4.448s] copying /home/rodrigo/turtlebot3_ws/src/build/turtlebot3_example/build/lib/turtlebot3_example/turtlebot3_interactive_marker/__init__.py -> /home/rodrigo/turtlebot3_ws/src/install/turtlebot3_example/lib/python3.10/site-packages/turtlebot3_example/turtlebot3_interactive_marker
[4.449s] creating /home/rodrigo/turtlebot3_ws/src/install/turtlebot3_example/lib/python3.10/site-packages/turtlebot3_example/turtlebot3_absolute_move
[4.449s] copying /home/rodrigo/turtlebot3_ws/src/build/turtlebot3_example/build/lib/turtlebot3_example/turtlebot3_absolute_move/turtlebot3_absolute_move.py -> /home/rodrigo/turtlebot3_ws/src/install/turtlebot3_example/lib/python3.10/site-packages/turtlebot3_example/turtlebot3_absolute_move
[4.449s] copying /home/rodrigo/turtlebot3_ws/src/build/turtlebot3_example/build/lib/turtlebot3_example/turtlebot3_absolute_move/__init__.py -> /home/rodrigo/turtlebot3_ws/src/install/turtlebot3_example/lib/python3.10/site-packages/turtlebot3_example/turtlebot3_absolute_move
[4.450s] copying /home/rodrigo/turtlebot3_ws/src/build/turtlebot3_example/build/lib/turtlebot3_example/__init__.py -> /home/rodrigo/turtlebot3_ws/src/install/turtlebot3_example/lib/python3.10/site-packages/turtlebot3_example
[4.450s] creating /home/rodrigo/turtlebot3_ws/src/install/turtlebot3_example/lib/python3.10/site-packages/turtlebot3_example/turtlebot3_patrol
[4.451s] copying /home/rodrigo/turtlebot3_ws/src/build/turtlebot3_example/build/lib/turtlebot3_example/turtlebot3_patrol/turtlebot3_patrol_client.py -> /home/rodrigo/turtlebot3_ws/src/install/turtlebot3_example/lib/python3.10/site-packages/turtlebot3_example/turtlebot3_patrol
[4.452s] copying /home/rodrigo/turtlebot3_ws/src/build/turtlebot3_example/build/lib/turtlebot3_example/turtlebot3_patrol/__init__.py -> /home/rodrigo/turtlebot3_ws/src/install/turtlebot3_example/lib/python3.10/site-packages/turtlebot3_example/turtlebot3_patrol
[4.453s] copying /home/rodrigo/turtlebot3_ws/src/build/turtlebot3_example/build/lib/turtlebot3_example/turtlebot3_patrol/turtlebot3_patrol_server.py -> /home/rodrigo/turtlebot3_ws/src/install/turtlebot3_example/lib/python3.10/site-packages/turtlebot3_example/turtlebot3_patrol
[4.454s] creating /home/rodrigo/turtlebot3_ws/src/install/turtlebot3_example/lib/python3.10/site-packages/turtlebot3_example/turtlebot3_obstacle_detection
[4.455s] copying /home/rodrigo/turtlebot3_ws/src/build/turtlebot3_example/build/lib/turtlebot3_example/turtlebot3_obstacle_detection/turtlebot3_obstacle_detection.py -> /home/rodrigo/turtlebot3_ws/src/install/turtlebot3_example/lib/python3.10/site-packages/turtlebot3_example/turtlebot3_obstacle_detection
[4.455s] copying /home/rodrigo/turtlebot3_ws/src/build/turtlebot3_example/build/lib/turtlebot3_example/turtlebot3_obstacle_detection/__init__.py -> /home/rodrigo/turtlebot3_ws/src/install/turtlebot3_example/lib/python3.10/site-packages/turtlebot3_example/turtlebot3_obstacle_detection
[4.456s] creating /home/rodrigo/turtlebot3_ws/src/install/turtlebot3_example/lib/python3.10/site-packages/turtlebot3_example/turtlebot3_relative_move
[4.457s] copying /home/rodrigo/turtlebot3_ws/src/build/turtlebot3_example/build/lib/turtlebot3_example/turtlebot3_relative_move/turtlebot3_relative_move.py -> /home/rodrigo/turtlebot3_ws/src/install/turtlebot3_example/lib/python3.10/site-packages/turtlebot3_example/turtlebot3_relative_move
[4.458s] copying /home/rodrigo/turtlebot3_ws/src/build/turtlebot3_example/build/lib/turtlebot3_example/turtlebot3_relative_move/__init__.py -> /home/rodrigo/turtlebot3_ws/src/install/turtlebot3_example/lib/python3.10/site-packages/turtlebot3_example/turtlebot3_relative_move
[4.461s] byte-compiling /home/rodrigo/turtlebot3_ws/src/install/turtlebot3_example/lib/python3.10/site-packages/turtlebot3_example/turtlebot3_interactive_marker/turtlebot3_interactive_marker.py to turtlebot3_interactive_marker.cpython-310.pyc
[4.467s] byte-compiling /home/rodrigo/turtlebot3_ws/src/install/turtlebot3_example/lib/python3.10/site-packages/turtlebot3_example/turtlebot3_interactive_marker/__init__.py to __init__.cpython-310.pyc
[4.468s] byte-compiling /home/rodrigo/turtlebot3_ws/src/install/turtlebot3_example/lib/python3.10/site-packages/turtlebot3_example/turtlebot3_absolute_move/turtlebot3_absolute_move.py to turtlebot3_absolute_move.cpython-310.pyc
[4.475s] byte-compiling /home/rodrigo/turtlebot3_ws/src/install/turtlebot3_example/lib/python3.10/site-packages/turtlebot3_example/turtlebot3_absolute_move/__init__.py to __init__.cpython-310.pyc
[4.476s] byte-compiling /home/rodrigo/turtlebot3_ws/src/install/turtlebot3_example/lib/python3.10/site-packages/turtlebot3_example/__init__.py to __init__.cpython-310.pyc
[4.479s] byte-compiling /home/rodrigo/turtlebot3_ws/src/install/turtlebot3_example/lib/python3.10/site-packages/turtlebot3_example/turtlebot3_patrol/turtlebot3_patrol_client.py to turtlebot3_patrol_client.cpython-310.pyc
[4.485s] byte-compiling /home/rodrigo/turtlebot3_ws/src/install/turtlebot3_example/lib/python3.10/site-packages/turtlebot3_example/turtlebot3_patrol/__init__.py to __init__.cpython-310.pyc
[4.485s] byte-compiling /home/rodrigo/turtlebot3_ws/src/install/turtlebot3_example/lib/python3.10/site-packages/turtlebot3_example/turtlebot3_patrol/turtlebot3_patrol_server.py to turtlebot3_patrol_server.cpython-310.pyc
[4.489s] byte-compiling /home/rodrigo/turtlebot3_ws/src/install/turtlebot3_example/lib/python3.10/site-packages/turtlebot3_example/turtlebot3_obstacle_detection/turtlebot3_obstacle_detection.py to turtlebot3_obstacle_detection.cpython-310.pyc
[4.493s] byte-compiling /home/rodrigo/turtlebot3_ws/src/install/turtlebot3_example/lib/python3.10/site-packages/turtlebot3_example/turtlebot3_obstacle_detection/__init__.py to __init__.cpython-310.pyc
[4.494s] byte-compiling /home/rodrigo/turtlebot3_ws/src/install/turtlebot3_example/lib/python3.10/site-packages/turtlebot3_example/turtlebot3_relative_move/turtlebot3_relative_move.py to turtlebot3_relative_move.cpython-310.pyc
[4.501s] byte-compiling /home/rodrigo/turtlebot3_ws/src/install/turtlebot3_example/lib/python3.10/site-packages/turtlebot3_example/turtlebot3_relative_move/__init__.py to __init__.cpython-310.pyc
[4.502s] running install_data
[4.503s] creating /home/rodrigo/turtlebot3_ws/src/install/turtlebot3_example/share/ament_index
[4.503s] creating /home/rodrigo/turtlebot3_ws/src/install/turtlebot3_example/share/ament_index/resource_index
[4.504s] creating /home/rodrigo/turtlebot3_ws/src/install/turtlebot3_example/share/ament_index/resource_index/packages
[4.504s] copying resource/turtlebot3_example -> /home/rodrigo/turtlebot3_ws/src/install/turtlebot3_example/share/ament_index/resource_index/packages
[4.506s] copying package.xml -> /home/rodrigo/turtlebot3_ws/src/install/turtlebot3_example/share/turtlebot3_example
[4.509s] running install_egg_info
[4.522s] Copying ../../build/turtlebot3_example/turtlebot3_example.egg-info to /home/rodrigo/turtlebot3_ws/src/install/turtlebot3_example/lib/python3.10/site-packages/turtlebot3_example-2.3.3-py3.10.egg-info
[4.528s] running install_scripts
[4.623s] Installing turtlebot3_absolute_move script to /home/rodrigo/turtlebot3_ws/src/install/turtlebot3_example/lib/turtlebot3_example
[4.624s] Installing turtlebot3_interactive_marker script to /home/rodrigo/turtlebot3_ws/src/install/turtlebot3_example/lib/turtlebot3_example
[4.625s] Installing turtlebot3_obstacle_detection script to /home/rodrigo/turtlebot3_ws/src/install/turtlebot3_example/lib/turtlebot3_example
[4.625s] Installing turtlebot3_patrol_client script to /home/rodrigo/turtlebot3_ws/src/install/turtlebot3_example/lib/turtlebot3_example
[4.626s] Installing turtlebot3_patrol_server script to /home/rodrigo/turtlebot3_ws/src/install/turtlebot3_example/lib/turtlebot3_example
[4.627s] Installing turtlebot3_relative_move script to /home/rodrigo/turtlebot3_ws/src/install/turtlebot3_example/lib/turtlebot3_example
[4.630s] writing list of installed files to '/home/rodrigo/turtlebot3_ws/src/build/turtlebot3_example/install.log'
[4.748s] Invoked command in '/home/rodrigo/turtlebot3_ws/src/turtlebot3/turtlebot3_example' returned '0': AMENT_PREFIX_PATH=/home/rodrigo/turtlebot3_ws/src/install/turtlebot3_msgs:${AMENT_PREFIX_PATH} CMAKE_PREFIX_PATH=/home/rodrigo/turtlebot3_ws/src/install/turtlebot3_msgs:${CMAKE_PREFIX_PATH} LD_LIBRARY_PATH=/home/rodrigo/turtlebot3_ws/src/install/turtlebot3_msgs/lib:/usr/lib/x86_64-linux-gnu/gazebo-11/plugins:/opt/ros/humble/opt/rviz_ogre_vendor/lib:/opt/ros/humble/lib/x86_64-linux-gnu:/opt/ros/humble/lib:/usr/lib/x86_64-linux-gnu/gazebo-11/plugins PYTHONPATH=/home/rodrigo/turtlebot3_ws/src/build/turtlebot3_example/prefix_override:/usr/lib/python3/dist-packages/colcon_core/task/python/colcon_distutils_commands:/home/rodrigo/turtlebot3_ws/src/install/turtlebot3_example/lib/python3.10/site-packages:/home/rodrigo/turtlebot3_ws/src/install/turtlebot3_msgs/local/lib/python3.10/dist-packages:${PYTHONPATH} /usr/bin/python3 -W ignore:setup.py install is deprecated -W ignore:easy_install command is deprecated setup.py egg_info --egg-base ../../build/turtlebot3_example build --build-base /home/rodrigo/turtlebot3_ws/src/build/turtlebot3_example/build install --record /home/rodrigo/turtlebot3_ws/src/build/turtlebot3_example/install.log --single-version-externally-managed install_data
