[0.022s] Invoking command in '/home/rodrigo/turtlebot3_ws/src/build/turtlebot3_simulations': AMENT_PREFIX_PATH=/home/rodrigo/turtlebot3_ws/src/install/turtlebot3_fake_node:/home/rodrigo/turtlebot3_ws/src/install/turtlebot3_msgs:/home/rodrigo/turtlebot3_ws/src/install/turtlebot3_manipulation_gazebo:/home/rodrigo/turtlebot3_ws/src/install/turtlebot3_gazebo:${AMENT_PREFIX_PATH} CMAKE_PREFIX_PATH=/home/rodrigo/turtlebot3_ws/src/install/turtlebot3_fake_node:/home/rodrigo/turtlebot3_ws/src/install/turtlebot3_msgs:/home/rodrigo/turtlebot3_ws/src/install/turtlebot3_manipulation_gazebo:/home/rodrigo/turtlebot3_ws/src/install/turtlebot3_gazebo:/home/rodrigo/scara_ws/install/scara_description:/opt/ros/humble LD_LIBRARY_PATH=/home/rodrigo/turtlebot3_ws/src/install/turtlebot3_msgs/lib:/usr/lib/x86_64-linux-gnu/gazebo-11/plugins:/opt/ros/humble/opt/rviz_ogre_vendor/lib:/opt/ros/humble/lib/x86_64-linux-gnu:/opt/ros/humble/lib:/usr/lib/x86_64-linux-gnu/gazebo-11/plugins PYTHONPATH=/home/rodrigo/turtlebot3_ws/src/install/turtlebot3_msgs/local/lib/python3.10/dist-packages:${PYTHONPATH} /usr/bin/cmake /home/rodrigo/turtlebot3_ws/src/turtlebot3_simulations/turtlebot3_simulations -DCMAKE_INSTALL_PREFIX=/home/rodrigo/turtlebot3_ws/src/install/turtlebot3_simulations
[0.098s] -- The C compiler identification is GNU 11.4.0
[0.170s] -- The CXX compiler identification is GNU 11.4.0
[0.178s] -- Detecting C compiler ABI info
[0.262s] -- Detecting C compiler ABI info - done
[0.273s] -- Check for working C compiler: /usr/bin/cc - skipped
[0.273s] -- Detecting C compile features
[0.274s] -- Detecting C compile features - done
[0.278s] -- Detecting CXX compiler ABI info
[0.377s] -- Detecting CXX compiler ABI info - done
[0.387s] -- Check for working CXX compiler: /usr/bin/c++ - skipped
[0.387s] -- Detecting CXX compile features
[0.388s] -- Detecting CXX compile features - done
[0.392s] -- Found ament_cmake: 1.3.12 (/opt/ros/humble/share/ament_cmake/cmake)
[0.578s] -- Found Python3: /usr/bin/python3 (found version "3.10.12") found components: Interpreter 
[0.773s] -- Configuring done
[0.775s] -- Generating done
[0.777s] -- Build files have been written to: /home/rodrigo/turtlebot3_ws/src/build/turtlebot3_simulations
[0.782s] Invoked command in '/home/rodrigo/turtlebot3_ws/src/build/turtlebot3_simulations' returned '0': AMENT_PREFIX_PATH=/home/rodrigo/turtlebot3_ws/src/install/turtlebot3_fake_node:/home/rodrigo/turtlebot3_ws/src/install/turtlebot3_msgs:/home/rodrigo/turtlebot3_ws/src/install/turtlebot3_manipulation_gazebo:/home/rodrigo/turtlebot3_ws/src/install/turtlebot3_gazebo:${AMENT_PREFIX_PATH} CMAKE_PREFIX_PATH=/home/rodrigo/turtlebot3_ws/src/install/turtlebot3_fake_node:/home/rodrigo/turtlebot3_ws/src/install/turtlebot3_msgs:/home/rodrigo/turtlebot3_ws/src/install/turtlebot3_manipulation_gazebo:/home/rodrigo/turtlebot3_ws/src/install/turtlebot3_gazebo:/home/rodrigo/scara_ws/install/scara_description:/opt/ros/humble LD_LIBRARY_PATH=/home/rodrigo/turtlebot3_ws/src/install/turtlebot3_msgs/lib:/usr/lib/x86_64-linux-gnu/gazebo-11/plugins:/opt/ros/humble/opt/rviz_ogre_vendor/lib:/opt/ros/humble/lib/x86_64-linux-gnu:/opt/ros/humble/lib:/usr/lib/x86_64-linux-gnu/gazebo-11/plugins PYTHONPATH=/home/rodrigo/turtlebot3_ws/src/install/turtlebot3_msgs/local/lib/python3.10/dist-packages:${PYTHONPATH} /usr/bin/cmake /home/rodrigo/turtlebot3_ws/src/turtlebot3_simulations/turtlebot3_simulations -DCMAKE_INSTALL_PREFIX=/home/rodrigo/turtlebot3_ws/src/install/turtlebot3_simulations
[0.784s] Invoking command in '/home/rodrigo/turtlebot3_ws/src/build/turtlebot3_simulations': AMENT_PREFIX_PATH=/home/rodrigo/turtlebot3_ws/src/install/turtlebot3_fake_node:/home/rodrigo/turtlebot3_ws/src/install/turtlebot3_msgs:/home/rodrigo/turtlebot3_ws/src/install/turtlebot3_manipulation_gazebo:/home/rodrigo/turtlebot3_ws/src/install/turtlebot3_gazebo:${AMENT_PREFIX_PATH} CMAKE_PREFIX_PATH=/home/rodrigo/turtlebot3_ws/src/install/turtlebot3_fake_node:/home/rodrigo/turtlebot3_ws/src/install/turtlebot3_msgs:/home/rodrigo/turtlebot3_ws/src/install/turtlebot3_manipulation_gazebo:/home/rodrigo/turtlebot3_ws/src/install/turtlebot3_gazebo:/home/rodrigo/scara_ws/install/scara_description:/opt/ros/humble LD_LIBRARY_PATH=/home/rodrigo/turtlebot3_ws/src/install/turtlebot3_msgs/lib:/usr/lib/x86_64-linux-gnu/gazebo-11/plugins:/opt/ros/humble/opt/rviz_ogre_vendor/lib:/opt/ros/humble/lib/x86_64-linux-gnu:/opt/ros/humble/lib:/usr/lib/x86_64-linux-gnu/gazebo-11/plugins PYTHONPATH=/home/rodrigo/turtlebot3_ws/src/install/turtlebot3_msgs/local/lib/python3.10/dist-packages:${PYTHONPATH} /usr/bin/cmake --build /home/rodrigo/turtlebot3_ws/src/build/turtlebot3_simulations -- -j12 -l12
[0.832s] Invoked command in '/home/rodrigo/turtlebot3_ws/src/build/turtlebot3_simulations' returned '0': AMENT_PREFIX_PATH=/home/rodrigo/turtlebot3_ws/src/install/turtlebot3_fake_node:/home/rodrigo/turtlebot3_ws/src/install/turtlebot3_msgs:/home/rodrigo/turtlebot3_ws/src/install/turtlebot3_manipulation_gazebo:/home/rodrigo/turtlebot3_ws/src/install/turtlebot3_gazebo:${AMENT_PREFIX_PATH} CMAKE_PREFIX_PATH=/home/rodrigo/turtlebot3_ws/src/install/turtlebot3_fake_node:/home/rodrigo/turtlebot3_ws/src/install/turtlebot3_msgs:/home/rodrigo/turtlebot3_ws/src/install/turtlebot3_manipulation_gazebo:/home/rodrigo/turtlebot3_ws/src/install/turtlebot3_gazebo:/home/rodrigo/scara_ws/install/scara_description:/opt/ros/humble LD_LIBRARY_PATH=/home/rodrigo/turtlebot3_ws/src/install/turtlebot3_msgs/lib:/usr/lib/x86_64-linux-gnu/gazebo-11/plugins:/opt/ros/humble/opt/rviz_ogre_vendor/lib:/opt/ros/humble/lib/x86_64-linux-gnu:/opt/ros/humble/lib:/usr/lib/x86_64-linux-gnu/gazebo-11/plugins PYTHONPATH=/home/rodrigo/turtlebot3_ws/src/install/turtlebot3_msgs/local/lib/python3.10/dist-packages:${PYTHONPATH} /usr/bin/cmake --build /home/rodrigo/turtlebot3_ws/src/build/turtlebot3_simulations -- -j12 -l12
[0.834s] Invoking command in '/home/rodrigo/turtlebot3_ws/src/build/turtlebot3_simulations': AMENT_PREFIX_PATH=/home/rodrigo/turtlebot3_ws/src/install/turtlebot3_fake_node:/home/rodrigo/turtlebot3_ws/src/install/turtlebot3_msgs:/home/rodrigo/turtlebot3_ws/src/install/turtlebot3_manipulation_gazebo:/home/rodrigo/turtlebot3_ws/src/install/turtlebot3_gazebo:${AMENT_PREFIX_PATH} CMAKE_PREFIX_PATH=/home/rodrigo/turtlebot3_ws/src/install/turtlebot3_fake_node:/home/rodrigo/turtlebot3_ws/src/install/turtlebot3_msgs:/home/rodrigo/turtlebot3_ws/src/install/turtlebot3_manipulation_gazebo:/home/rodrigo/turtlebot3_ws/src/install/turtlebot3_gazebo:/home/rodrigo/scara_ws/install/scara_description:/opt/ros/humble LD_LIBRARY_PATH=/home/rodrigo/turtlebot3_ws/src/install/turtlebot3_msgs/lib:/usr/lib/x86_64-linux-gnu/gazebo-11/plugins:/opt/ros/humble/opt/rviz_ogre_vendor/lib:/opt/ros/humble/lib/x86_64-linux-gnu:/opt/ros/humble/lib:/usr/lib/x86_64-linux-gnu/gazebo-11/plugins PYTHONPATH=/home/rodrigo/turtlebot3_ws/src/install/turtlebot3_msgs/local/lib/python3.10/dist-packages:${PYTHONPATH} /usr/bin/cmake --install /home/rodrigo/turtlebot3_ws/src/build/turtlebot3_simulations
[0.845s] -- Install configuration: ""
[0.845s] -- Installing: /home/rodrigo/turtlebot3_ws/src/install/turtlebot3_simulations/share/ament_index/resource_index/package_run_dependencies/turtlebot3_simulations
[0.845s] -- Installing: /home/rodrigo/turtlebot3_ws/src/install/turtlebot3_simulations/share/ament_index/resource_index/parent_prefix_path/turtlebot3_simulations
[0.846s] -- Installing: /home/rodrigo/turtlebot3_ws/src/install/turtlebot3_simulations/share/turtlebot3_simulations/environment/ament_prefix_path.sh
[0.846s] -- Installing: /home/rodrigo/turtlebot3_ws/src/install/turtlebot3_simulations/share/turtlebot3_simulations/environment/ament_prefix_path.dsv
[0.846s] -- Installing: /home/rodrigo/turtlebot3_ws/src/install/turtlebot3_simulations/share/turtlebot3_simulations/environment/path.sh
[0.846s] -- Installing: /home/rodrigo/turtlebot3_ws/src/install/turtlebot3_simulations/share/turtlebot3_simulations/environment/path.dsv
[0.846s] -- Installing: /home/rodrigo/turtlebot3_ws/src/install/turtlebot3_simulations/share/turtlebot3_simulations/local_setup.bash
[0.847s] -- Installing: /home/rodrigo/turtlebot3_ws/src/install/turtlebot3_simulations/share/turtlebot3_simulations/local_setup.sh
[0.847s] -- Installing: /home/rodrigo/turtlebot3_ws/src/install/turtlebot3_simulations/share/turtlebot3_simulations/local_setup.zsh
[0.847s] -- Installing: /home/rodrigo/turtlebot3_ws/src/install/turtlebot3_simulations/share/turtlebot3_simulations/local_setup.dsv
[0.847s] -- Installing: /home/rodrigo/turtlebot3_ws/src/install/turtlebot3_simulations/share/turtlebot3_simulations/package.dsv
[0.847s] -- Installing: /home/rodrigo/turtlebot3_ws/src/install/turtlebot3_simulations/share/ament_index/resource_index/packages/turtlebot3_simulations
[0.848s] -- Installing: /home/rodrigo/turtlebot3_ws/src/install/turtlebot3_simulations/share/turtlebot3_simulations/cmake/turtlebot3_simulationsConfig.cmake
[0.848s] -- Installing: /home/rodrigo/turtlebot3_ws/src/install/turtlebot3_simulations/share/turtlebot3_simulations/cmake/turtlebot3_simulationsConfig-version.cmake
[0.848s] -- Installing: /home/rodrigo/turtlebot3_ws/src/install/turtlebot3_simulations/share/turtlebot3_simulations/package.xml
[0.851s] Invoked command in '/home/rodrigo/turtlebot3_ws/src/build/turtlebot3_simulations' returned '0': AMENT_PREFIX_PATH=/home/rodrigo/turtlebot3_ws/src/install/turtlebot3_fake_node:/home/rodrigo/turtlebot3_ws/src/install/turtlebot3_msgs:/home/rodrigo/turtlebot3_ws/src/install/turtlebot3_manipulation_gazebo:/home/rodrigo/turtlebot3_ws/src/install/turtlebot3_gazebo:${AMENT_PREFIX_PATH} CMAKE_PREFIX_PATH=/home/rodrigo/turtlebot3_ws/src/install/turtlebot3_fake_node:/home/rodrigo/turtlebot3_ws/src/install/turtlebot3_msgs:/home/rodrigo/turtlebot3_ws/src/install/turtlebot3_manipulation_gazebo:/home/rodrigo/turtlebot3_ws/src/install/turtlebot3_gazebo:/home/rodrigo/scara_ws/install/scara_description:/opt/ros/humble LD_LIBRARY_PATH=/home/rodrigo/turtlebot3_ws/src/install/turtlebot3_msgs/lib:/usr/lib/x86_64-linux-gnu/gazebo-11/plugins:/opt/ros/humble/opt/rviz_ogre_vendor/lib:/opt/ros/humble/lib/x86_64-linux-gnu:/opt/ros/humble/lib:/usr/lib/x86_64-linux-gnu/gazebo-11/plugins PYTHONPATH=/home/rodrigo/turtlebot3_ws/src/install/turtlebot3_msgs/local/lib/python3.10/dist-packages:${PYTHONPATH} /usr/bin/cmake --install /home/rodrigo/turtlebot3_ws/src/build/turtlebot3_simulations
