[0.292s] Invoking command in '/home/rodrigo/turtlebot3_ws/src/build/turtlebot3_bringup': AMENT_PREFIX_PATH=/home/rodrigo/turtlebot3_ws/src/install/turtlebot3_node:/home/rodrigo/turtlebot3_ws/src/install/turtlebot3_msgs:/home/rodrigo/turtlebot3_ws/src/install/turtlebot3_description:/home/rodrigo/turtlebot3_ws/src/install/dynamixel_sdk:${AMENT_PREFIX_PATH} CMAKE_PREFIX_PATH=/home/rodrigo/turtlebot3_ws/src/install/turtlebot3_node:/home/rodrigo/turtlebot3_ws/src/install/turtlebot3_msgs:/home/rodrigo/turtlebot3_ws/src/install/turtlebot3_description:/home/rodrigo/turtlebot3_ws/src/install/dynamixel_sdk:/home/rodrigo/scara_ws/install/scara_description:/opt/ros/humble LD_LIBRARY_PATH=/home/rodrigo/turtlebot3_ws/src/install/turtlebot3_msgs/lib:/home/rodrigo/turtlebot3_ws/src/install/dynamixel_sdk/lib:/usr/lib/x86_64-linux-gnu/gazebo-11/plugins:/opt/ros/humble/opt/rviz_ogre_vendor/lib:/opt/ros/humble/lib/x86_64-linux-gnu:/opt/ros/humble/lib:/usr/lib/x86_64-linux-gnu/gazebo-11/plugins PYTHONPATH=/home/rodrigo/turtlebot3_ws/src/install/turtlebot3_msgs/local/lib/python3.10/dist-packages:/home/rodrigo/turtlebot3_ws/src/install/dynamixel_sdk/local/lib/python3.10/dist-packages:${PYTHONPATH} /usr/bin/cmake /home/rodrigo/turtlebot3_ws/src/turtlebot3/turtlebot3_bringup -DCMAKE_INSTALL_PREFIX=/home/rodrigo/turtlebot3_ws/src/install/turtlebot3_bringup
[0.643s] -- The C compiler identification is GNU 11.4.0
[0.750s] -- The CXX compiler identification is GNU 11.4.0
[0.799s] -- Detecting C compiler ABI info
[0.915s] -- Detecting C compiler ABI info - done
[0.925s] -- Check for working C compiler: /usr/bin/cc - skipped
[0.927s] -- Detecting C compile features
[0.931s] -- Detecting C compile features - done
[0.944s] -- Detecting CXX compiler ABI info
[1.068s] -- Detecting CXX compiler ABI info - done
[1.079s] -- Check for working CXX compiler: /usr/bin/c++ - skipped
[1.080s] -- Detecting CXX compile features
[1.080s] -- Detecting CXX compile features - done
[1.184s] -- Found ament_cmake: 1.3.12 (/opt/ros/humble/share/ament_cmake/cmake)
[1.647s] -- Found Python3: /usr/bin/python3 (found version "3.10.12") found components: Interpreter 
[2.445s] -- Configuring done
[2.450s] -- Generating done
[2.452s] -- Build files have been written to: /home/rodrigo/turtlebot3_ws/src/build/turtlebot3_bringup
[2.458s] Invoked command in '/home/rodrigo/turtlebot3_ws/src/build/turtlebot3_bringup' returned '0': AMENT_PREFIX_PATH=/home/rodrigo/turtlebot3_ws/src/install/turtlebot3_node:/home/rodrigo/turtlebot3_ws/src/install/turtlebot3_msgs:/home/rodrigo/turtlebot3_ws/src/install/turtlebot3_description:/home/rodrigo/turtlebot3_ws/src/install/dynamixel_sdk:${AMENT_PREFIX_PATH} CMAKE_PREFIX_PATH=/home/rodrigo/turtlebot3_ws/src/install/turtlebot3_node:/home/rodrigo/turtlebot3_ws/src/install/turtlebot3_msgs:/home/rodrigo/turtlebot3_ws/src/install/turtlebot3_description:/home/rodrigo/turtlebot3_ws/src/install/dynamixel_sdk:/home/rodrigo/scara_ws/install/scara_description:/opt/ros/humble LD_LIBRARY_PATH=/home/rodrigo/turtlebot3_ws/src/install/turtlebot3_msgs/lib:/home/rodrigo/turtlebot3_ws/src/install/dynamixel_sdk/lib:/usr/lib/x86_64-linux-gnu/gazebo-11/plugins:/opt/ros/humble/opt/rviz_ogre_vendor/lib:/opt/ros/humble/lib/x86_64-linux-gnu:/opt/ros/humble/lib:/usr/lib/x86_64-linux-gnu/gazebo-11/plugins PYTHONPATH=/home/rodrigo/turtlebot3_ws/src/install/turtlebot3_msgs/local/lib/python3.10/dist-packages:/home/rodrigo/turtlebot3_ws/src/install/dynamixel_sdk/local/lib/python3.10/dist-packages:${PYTHONPATH} /usr/bin/cmake /home/rodrigo/turtlebot3_ws/src/turtlebot3/turtlebot3_bringup -DCMAKE_INSTALL_PREFIX=/home/rodrigo/turtlebot3_ws/src/install/turtlebot3_bringup
[2.481s] Invoking command in '/home/rodrigo/turtlebot3_ws/src/build/turtlebot3_bringup': AMENT_PREFIX_PATH=/home/rodrigo/turtlebot3_ws/src/install/turtlebot3_node:/home/rodrigo/turtlebot3_ws/src/install/turtlebot3_msgs:/home/rodrigo/turtlebot3_ws/src/install/turtlebot3_description:/home/rodrigo/turtlebot3_ws/src/install/dynamixel_sdk:${AMENT_PREFIX_PATH} CMAKE_PREFIX_PATH=/home/rodrigo/turtlebot3_ws/src/install/turtlebot3_node:/home/rodrigo/turtlebot3_ws/src/install/turtlebot3_msgs:/home/rodrigo/turtlebot3_ws/src/install/turtlebot3_description:/home/rodrigo/turtlebot3_ws/src/install/dynamixel_sdk:/home/rodrigo/scara_ws/install/scara_description:/opt/ros/humble LD_LIBRARY_PATH=/home/rodrigo/turtlebot3_ws/src/install/turtlebot3_msgs/lib:/home/rodrigo/turtlebot3_ws/src/install/dynamixel_sdk/lib:/usr/lib/x86_64-linux-gnu/gazebo-11/plugins:/opt/ros/humble/opt/rviz_ogre_vendor/lib:/opt/ros/humble/lib/x86_64-linux-gnu:/opt/ros/humble/lib:/usr/lib/x86_64-linux-gnu/gazebo-11/plugins PYTHONPATH=/home/rodrigo/turtlebot3_ws/src/install/turtlebot3_msgs/local/lib/python3.10/dist-packages:/home/rodrigo/turtlebot3_ws/src/install/dynamixel_sdk/local/lib/python3.10/dist-packages:${PYTHONPATH} /usr/bin/cmake --build /home/rodrigo/turtlebot3_ws/src/build/turtlebot3_bringup -- -j12 -l12
[2.535s] Invoked command in '/home/rodrigo/turtlebot3_ws/src/build/turtlebot3_bringup' returned '0': AMENT_PREFIX_PATH=/home/rodrigo/turtlebot3_ws/src/install/turtlebot3_node:/home/rodrigo/turtlebot3_ws/src/install/turtlebot3_msgs:/home/rodrigo/turtlebot3_ws/src/install/turtlebot3_description:/home/rodrigo/turtlebot3_ws/src/install/dynamixel_sdk:${AMENT_PREFIX_PATH} CMAKE_PREFIX_PATH=/home/rodrigo/turtlebot3_ws/src/install/turtlebot3_node:/home/rodrigo/turtlebot3_ws/src/install/turtlebot3_msgs:/home/rodrigo/turtlebot3_ws/src/install/turtlebot3_description:/home/rodrigo/turtlebot3_ws/src/install/dynamixel_sdk:/home/rodrigo/scara_ws/install/scara_description:/opt/ros/humble LD_LIBRARY_PATH=/home/rodrigo/turtlebot3_ws/src/install/turtlebot3_msgs/lib:/home/rodrigo/turtlebot3_ws/src/install/dynamixel_sdk/lib:/usr/lib/x86_64-linux-gnu/gazebo-11/plugins:/opt/ros/humble/opt/rviz_ogre_vendor/lib:/opt/ros/humble/lib/x86_64-linux-gnu:/opt/ros/humble/lib:/usr/lib/x86_64-linux-gnu/gazebo-11/plugins PYTHONPATH=/home/rodrigo/turtlebot3_ws/src/install/turtlebot3_msgs/local/lib/python3.10/dist-packages:/home/rodrigo/turtlebot3_ws/src/install/dynamixel_sdk/local/lib/python3.10/dist-packages:${PYTHONPATH} /usr/bin/cmake --build /home/rodrigo/turtlebot3_ws/src/build/turtlebot3_bringup -- -j12 -l12
[2.542s] Invoking command in '/home/rodrigo/turtlebot3_ws/src/build/turtlebot3_bringup': AMENT_PREFIX_PATH=/home/rodrigo/turtlebot3_ws/src/install/turtlebot3_node:/home/rodrigo/turtlebot3_ws/src/install/turtlebot3_msgs:/home/rodrigo/turtlebot3_ws/src/install/turtlebot3_description:/home/rodrigo/turtlebot3_ws/src/install/dynamixel_sdk:${AMENT_PREFIX_PATH} CMAKE_PREFIX_PATH=/home/rodrigo/turtlebot3_ws/src/install/turtlebot3_node:/home/rodrigo/turtlebot3_ws/src/install/turtlebot3_msgs:/home/rodrigo/turtlebot3_ws/src/install/turtlebot3_description:/home/rodrigo/turtlebot3_ws/src/install/dynamixel_sdk:/home/rodrigo/scara_ws/install/scara_description:/opt/ros/humble LD_LIBRARY_PATH=/home/rodrigo/turtlebot3_ws/src/install/turtlebot3_msgs/lib:/home/rodrigo/turtlebot3_ws/src/install/dynamixel_sdk/lib:/usr/lib/x86_64-linux-gnu/gazebo-11/plugins:/opt/ros/humble/opt/rviz_ogre_vendor/lib:/opt/ros/humble/lib/x86_64-linux-gnu:/opt/ros/humble/lib:/usr/lib/x86_64-linux-gnu/gazebo-11/plugins PYTHONPATH=/home/rodrigo/turtlebot3_ws/src/install/turtlebot3_msgs/local/lib/python3.10/dist-packages:/home/rodrigo/turtlebot3_ws/src/install/dynamixel_sdk/local/lib/python3.10/dist-packages:${PYTHONPATH} /usr/bin/cmake --install /home/rodrigo/turtlebot3_ws/src/build/turtlebot3_bringup
[2.552s] -- Install configuration: ""
[2.552s] -- Installing: /home/rodrigo/turtlebot3_ws/src/install/turtlebot3_bringup/share/turtlebot3_bringup/launch
[2.553s] -- Installing: /home/rodrigo/turtlebot3_ws/src/install/turtlebot3_bringup/share/turtlebot3_bringup/launch/turtlebot3_state_publisher.launch.py
[2.555s] -- Installing: /home/rodrigo/turtlebot3_ws/src/install/turtlebot3_bringup/share/turtlebot3_bringup/launch/rviz2.launch.py
[2.557s] -- Installing: /home/rodrigo/turtlebot3_ws/src/install/turtlebot3_bringup/share/turtlebot3_bringup/launch/camera.launch.py
[2.559s] -- Installing: /home/rodrigo/turtlebot3_ws/src/install/turtlebot3_bringup/share/turtlebot3_bringup/launch/robot.launch.py
[2.560s] -- Installing: /home/rodrigo/turtlebot3_ws/src/install/turtlebot3_bringup/share/turtlebot3_bringup/param
[2.562s] -- Installing: /home/rodrigo/turtlebot3_ws/src/install/turtlebot3_bringup/share/turtlebot3_bringup/param/humble
[2.563s] -- Installing: /home/rodrigo/turtlebot3_ws/src/install/turtlebot3_bringup/share/turtlebot3_bringup/param/humble/burger.yaml
[2.565s] -- Installing: /home/rodrigo/turtlebot3_ws/src/install/turtlebot3_bringup/share/turtlebot3_bringup/param/humble/waffle_pi.yaml
[2.566s] -- Installing: /home/rodrigo/turtlebot3_ws/src/install/turtlebot3_bringup/share/turtlebot3_bringup/param/humble/waffle.yaml
[2.568s] -- Installing: /home/rodrigo/turtlebot3_ws/src/install/turtlebot3_bringup/share/turtlebot3_bringup/param/burger.yaml
[2.569s] -- Installing: /home/rodrigo/turtlebot3_ws/src/install/turtlebot3_bringup/share/turtlebot3_bringup/param/waffle_pi.yaml
[2.571s] -- Installing: /home/rodrigo/turtlebot3_ws/src/install/turtlebot3_bringup/share/turtlebot3_bringup/param/waffle.yaml
[2.573s] -- Installing: /home/rodrigo/turtlebot3_ws/src/install/turtlebot3_bringup/share/turtlebot3_bringup/script
[2.574s] -- Installing: /home/rodrigo/turtlebot3_ws/src/install/turtlebot3_bringup/share/turtlebot3_bringup/script/create_udev_rules
[2.576s] -- Installing: /home/rodrigo/turtlebot3_ws/src/install/turtlebot3_bringup/share/turtlebot3_bringup/script/99-turtlebot3-cdc.rules
[2.579s] -- Installing: /home/rodrigo/turtlebot3_ws/src/install/turtlebot3_bringup/share/ament_index/resource_index/package_run_dependencies/turtlebot3_bringup
[2.580s] -- Installing: /home/rodrigo/turtlebot3_ws/src/install/turtlebot3_bringup/share/ament_index/resource_index/parent_prefix_path/turtlebot3_bringup
[2.580s] -- Installing: /home/rodrigo/turtlebot3_ws/src/install/turtlebot3_bringup/share/turtlebot3_bringup/environment/ament_prefix_path.sh
[2.580s] -- Installing: /home/rodrigo/turtlebot3_ws/src/install/turtlebot3_bringup/share/turtlebot3_bringup/environment/ament_prefix_path.dsv
[2.581s] -- Installing: /home/rodrigo/turtlebot3_ws/src/install/turtlebot3_bringup/share/turtlebot3_bringup/environment/path.sh
[2.581s] -- Installing: /home/rodrigo/turtlebot3_ws/src/install/turtlebot3_bringup/share/turtlebot3_bringup/environment/path.dsv
[2.581s] -- Installing: /home/rodrigo/turtlebot3_ws/src/install/turtlebot3_bringup/share/turtlebot3_bringup/local_setup.bash
[2.581s] -- Installing: /home/rodrigo/turtlebot3_ws/src/install/turtlebot3_bringup/share/turtlebot3_bringup/local_setup.sh
[2.582s] -- Installing: /home/rodrigo/turtlebot3_ws/src/install/turtlebot3_bringup/share/turtlebot3_bringup/local_setup.zsh
[2.582s] -- Installing: /home/rodrigo/turtlebot3_ws/src/install/turtlebot3_bringup/share/turtlebot3_bringup/local_setup.dsv
[2.582s] -- Installing: /home/rodrigo/turtlebot3_ws/src/install/turtlebot3_bringup/share/turtlebot3_bringup/package.dsv
[2.582s] -- Installing: /home/rodrigo/turtlebot3_ws/src/install/turtlebot3_bringup/share/ament_index/resource_index/packages/turtlebot3_bringup
[2.583s] -- Installing: /home/rodrigo/turtlebot3_ws/src/install/turtlebot3_bringup/share/turtlebot3_bringup/cmake/turtlebot3_bringupConfig.cmake
[2.583s] -- Installing: /home/rodrigo/turtlebot3_ws/src/install/turtlebot3_bringup/share/turtlebot3_bringup/cmake/turtlebot3_bringupConfig-version.cmake
[2.583s] -- Installing: /home/rodrigo/turtlebot3_ws/src/install/turtlebot3_bringup/share/turtlebot3_bringup/package.xml
[2.587s] Invoked command in '/home/rodrigo/turtlebot3_ws/src/build/turtlebot3_bringup' returned '0': AMENT_PREFIX_PATH=/home/rodrigo/turtlebot3_ws/src/install/turtlebot3_node:/home/rodrigo/turtlebot3_ws/src/install/turtlebot3_msgs:/home/rodrigo/turtlebot3_ws/src/install/turtlebot3_description:/home/rodrigo/turtlebot3_ws/src/install/dynamixel_sdk:${AMENT_PREFIX_PATH} CMAKE_PREFIX_PATH=/home/rodrigo/turtlebot3_ws/src/install/turtlebot3_node:/home/rodrigo/turtlebot3_ws/src/install/turtlebot3_msgs:/home/rodrigo/turtlebot3_ws/src/install/turtlebot3_description:/home/rodrigo/turtlebot3_ws/src/install/dynamixel_sdk:/home/rodrigo/scara_ws/install/scara_description:/opt/ros/humble LD_LIBRARY_PATH=/home/rodrigo/turtlebot3_ws/src/install/turtlebot3_msgs/lib:/home/rodrigo/turtlebot3_ws/src/install/dynamixel_sdk/lib:/usr/lib/x86_64-linux-gnu/gazebo-11/plugins:/opt/ros/humble/opt/rviz_ogre_vendor/lib:/opt/ros/humble/lib/x86_64-linux-gnu:/opt/ros/humble/lib:/usr/lib/x86_64-linux-gnu/gazebo-11/plugins PYTHONPATH=/home/rodrigo/turtlebot3_ws/src/install/turtlebot3_msgs/local/lib/python3.10/dist-packages:/home/rodrigo/turtlebot3_ws/src/install/dynamixel_sdk/local/lib/python3.10/dist-packages:${PYTHONPATH} /usr/bin/cmake --install /home/rodrigo/turtlebot3_ws/src/build/turtlebot3_bringup
