[0.074s] Invoking command in '/home/rodrigo/turtlebot3_ws/src/build/turtlebot3_manipulation_gazebo': CMAKE_PREFIX_PATH=${CMAKE_PREFIX_PATH}:/opt/ros/humble /usr/bin/cmake /home/rodrigo/turtlebot3_ws/src/turtlebot3_simulations/turtlebot3_manipulation_gazebo -DCMAKE_INSTALL_PREFIX=/home/rodrigo/turtlebot3_ws/src/install/turtlebot3_manipulation_gazebo
[0.383s] -- The C compiler identification is GNU 11.4.0
[0.644s] -- The CXX compiler identification is GNU 11.4.0
[0.665s] -- Detecting C compiler ABI info
[0.900s] -- Detecting C compiler ABI info - done
[0.932s] -- Check for working C compiler: /usr/bin/cc - skipped
[0.933s] -- Detecting C compile features
[0.933s] -- Detecting C compile features - done
[0.940s] -- Detecting CXX compiler ABI info
[1.246s] -- Detecting CXX compiler ABI info - done
[1.268s] -- Check for working CXX compiler: /usr/bin/c++ - skipped
[1.269s] -- Detecting CXX compile features
[1.270s] -- Detecting CXX compile features - done
[1.278s] -- Found ament_cmake: 1.3.12 (/opt/ros/humble/share/ament_cmake/cmake)
[1.864s] -- Found Python3: /usr/bin/python3 (found version "3.10.12") found components: Interpreter 
[2.468s] -- Configuring done
[2.481s] -- Generating done
[2.496s] -- Build files have been written to: /home/rodrigo/turtlebot3_ws/src/build/turtlebot3_manipulation_gazebo
[2.520s] Invoked command in '/home/rodrigo/turtlebot3_ws/src/build/turtlebot3_manipulation_gazebo' returned '0': CMAKE_PREFIX_PATH=${CMAKE_PREFIX_PATH}:/opt/ros/humble /usr/bin/cmake /home/rodrigo/turtlebot3_ws/src/turtlebot3_simulations/turtlebot3_manipulation_gazebo -DCMAKE_INSTALL_PREFIX=/home/rodrigo/turtlebot3_ws/src/install/turtlebot3_manipulation_gazebo
[2.526s] Invoking command in '/home/rodrigo/turtlebot3_ws/src/build/turtlebot3_manipulation_gazebo': CMAKE_PREFIX_PATH=${CMAKE_PREFIX_PATH}:/opt/ros/humble /usr/bin/cmake --build /home/rodrigo/turtlebot3_ws/src/build/turtlebot3_manipulation_gazebo -- -j12 -l12
[2.696s] Invoked command in '/home/rodrigo/turtlebot3_ws/src/build/turtlebot3_manipulation_gazebo' returned '0': CMAKE_PREFIX_PATH=${CMAKE_PREFIX_PATH}:/opt/ros/humble /usr/bin/cmake --build /home/rodrigo/turtlebot3_ws/src/build/turtlebot3_manipulation_gazebo -- -j12 -l12
[2.702s] Invoking command in '/home/rodrigo/turtlebot3_ws/src/build/turtlebot3_manipulation_gazebo': CMAKE_PREFIX_PATH=${CMAKE_PREFIX_PATH}:/opt/ros/humble /usr/bin/cmake --install /home/rodrigo/turtlebot3_ws/src/build/turtlebot3_manipulation_gazebo
[2.758s] -- Install configuration: ""
[2.758s] -- Installing: /home/rodrigo/turtlebot3_ws/src/install/turtlebot3_manipulation_gazebo/share/turtlebot3_manipulation_gazebo/config
[2.759s] -- Installing: /home/rodrigo/turtlebot3_ws/src/install/turtlebot3_manipulation_gazebo/share/turtlebot3_manipulation_gazebo/config/gazebo_controller_manager.yaml
[2.760s] -- Installing: /home/rodrigo/turtlebot3_ws/src/install/turtlebot3_manipulation_gazebo/share/turtlebot3_manipulation_gazebo/config/hardware_controller_manager.yaml
[2.761s] -- Installing: /home/rodrigo/turtlebot3_ws/src/install/turtlebot3_manipulation_gazebo/share/turtlebot3_manipulation_gazebo/gazebo
[2.763s] -- Installing: /home/rodrigo/turtlebot3_ws/src/install/turtlebot3_manipulation_gazebo/share/turtlebot3_manipulation_gazebo/gazebo/materials.xacro
[2.765s] -- Installing: /home/rodrigo/turtlebot3_ws/src/install/turtlebot3_manipulation_gazebo/share/turtlebot3_manipulation_gazebo/gazebo/open_manipulator_x.gazebo.xacro
[2.766s] -- Installing: /home/rodrigo/turtlebot3_ws/src/install/turtlebot3_manipulation_gazebo/share/turtlebot3_manipulation_gazebo/gazebo/turtlebot3_waffle_pi.gazebo.xacro
[2.767s] -- Installing: /home/rodrigo/turtlebot3_ws/src/install/turtlebot3_manipulation_gazebo/share/turtlebot3_manipulation_gazebo/launch
[2.767s] -- Installing: /home/rodrigo/turtlebot3_ws/src/install/turtlebot3_manipulation_gazebo/share/turtlebot3_manipulation_gazebo/launch/gazebo.launch.py
[2.768s] -- Installing: /home/rodrigo/turtlebot3_ws/src/install/turtlebot3_manipulation_gazebo/share/turtlebot3_manipulation_gazebo/launch/fake.launch.py
[2.768s] -- Installing: /home/rodrigo/turtlebot3_ws/src/install/turtlebot3_manipulation_gazebo/share/turtlebot3_manipulation_gazebo/launch/base.launch.py
[2.769s] -- Installing: /home/rodrigo/turtlebot3_ws/src/install/turtlebot3_manipulation_gazebo/share/turtlebot3_manipulation_gazebo/launch/turtlebot3_home_service_challenge.launch.py
[2.769s] -- Installing: /home/rodrigo/turtlebot3_ws/src/install/turtlebot3_manipulation_gazebo/share/turtlebot3_manipulation_gazebo/ros2_control
[2.769s] -- Installing: /home/rodrigo/turtlebot3_ws/src/install/turtlebot3_manipulation_gazebo/share/turtlebot3_manipulation_gazebo/ros2_control/turtlebot3_manipulation_system.ros2_control.xacro
[2.770s] -- Installing: /home/rodrigo/turtlebot3_ws/src/install/turtlebot3_manipulation_gazebo/share/turtlebot3_manipulation_gazebo/rviz
[2.770s] -- Installing: /home/rodrigo/turtlebot3_ws/src/install/turtlebot3_manipulation_gazebo/share/turtlebot3_manipulation_gazebo/rviz/turtlebot3_manipulation.rviz
[2.770s] -- Installing: /home/rodrigo/turtlebot3_ws/src/install/turtlebot3_manipulation_gazebo/share/turtlebot3_manipulation_gazebo/urdf
[2.770s] -- Installing: /home/rodrigo/turtlebot3_ws/src/install/turtlebot3_manipulation_gazebo/share/turtlebot3_manipulation_gazebo/urdf/open_manipulator_x.urdf.xacro
[2.770s] -- Installing: /home/rodrigo/turtlebot3_ws/src/install/turtlebot3_manipulation_gazebo/share/turtlebot3_manipulation_gazebo/urdf/turtlebot3_waffle_pi.urdf.xacro
[2.771s] -- Installing: /home/rodrigo/turtlebot3_ws/src/install/turtlebot3_manipulation_gazebo/share/turtlebot3_manipulation_gazebo/urdf/turtlebot3_manipulation.urdf.xacro
[2.771s] -- Installing: /home/rodrigo/turtlebot3_ws/src/install/turtlebot3_manipulation_gazebo/share/turtlebot3_manipulation_gazebo/worlds
[2.772s] -- Installing: /home/rodrigo/turtlebot3_ws/src/install/turtlebot3_manipulation_gazebo/share/turtlebot3_manipulation_gazebo/worlds/turtlebot3_home_service_challenge.world
[2.772s] -- Installing: /home/rodrigo/turtlebot3_ws/src/install/turtlebot3_manipulation_gazebo/share/turtlebot3_manipulation_gazebo/models
[2.773s] -- Installing: /home/rodrigo/turtlebot3_ws/src/install/turtlebot3_manipulation_gazebo/share/turtlebot3_manipulation_gazebo/models/turtlebot3_home_service_challenge
[2.773s] -- Installing: /home/rodrigo/turtlebot3_ws/src/install/turtlebot3_manipulation_gazebo/share/turtlebot3_manipulation_gazebo/models/turtlebot3_home_service_challenge/marker1
[2.773s] -- Installing: /home/rodrigo/turtlebot3_ws/src/install/turtlebot3_manipulation_gazebo/share/turtlebot3_manipulation_gazebo/models/turtlebot3_home_service_challenge/marker1/model-1_5.sdf
[2.774s] -- Installing: /home/rodrigo/turtlebot3_ws/src/install/turtlebot3_manipulation_gazebo/share/turtlebot3_manipulation_gazebo/models/turtlebot3_home_service_challenge/marker1/meshes
[2.774s] -- Installing: /home/rodrigo/turtlebot3_ws/src/install/turtlebot3_manipulation_gazebo/share/turtlebot3_manipulation_gazebo/models/turtlebot3_home_service_challenge/marker1/meshes/Marker1.dae
[2.774s] -- Installing: /home/rodrigo/turtlebot3_ws/src/install/turtlebot3_manipulation_gazebo/share/turtlebot3_manipulation_gazebo/models/turtlebot3_home_service_challenge/marker1/model.config
[2.774s] -- Installing: /home/rodrigo/turtlebot3_ws/src/install/turtlebot3_manipulation_gazebo/share/turtlebot3_manipulation_gazebo/models/turtlebot3_home_service_challenge/marker1/materials
[2.775s] -- Installing: /home/rodrigo/turtlebot3_ws/src/install/turtlebot3_manipulation_gazebo/share/turtlebot3_manipulation_gazebo/models/turtlebot3_home_service_challenge/marker1/materials/textures
[2.775s] -- Installing: /home/rodrigo/turtlebot3_ws/src/install/turtlebot3_manipulation_gazebo/share/turtlebot3_manipulation_gazebo/models/turtlebot3_home_service_challenge/marker1/materials/textures/Marker1.png
[2.775s] -- Installing: /home/rodrigo/turtlebot3_ws/src/install/turtlebot3_manipulation_gazebo/share/turtlebot3_manipulation_gazebo/models/turtlebot3_home_service_challenge/marker1/model.sdf
[2.775s] -- Installing: /home/rodrigo/turtlebot3_ws/src/install/turtlebot3_manipulation_gazebo/share/turtlebot3_manipulation_gazebo/models/turtlebot3_home_service_challenge/marker1/model-1_4.sdf
[2.777s] -- Installing: /home/rodrigo/turtlebot3_ws/src/install/turtlebot3_manipulation_gazebo/share/turtlebot3_manipulation_gazebo/models/turtlebot3_home_service_challenge/marker9
[2.777s] -- Installing: /home/rodrigo/turtlebot3_ws/src/install/turtlebot3_manipulation_gazebo/share/turtlebot3_manipulation_gazebo/models/turtlebot3_home_service_challenge/marker9/model-1_5.sdf
[2.778s] -- Installing: /home/rodrigo/turtlebot3_ws/src/install/turtlebot3_manipulation_gazebo/share/turtlebot3_manipulation_gazebo/models/turtlebot3_home_service_challenge/marker9/meshes
[2.778s] -- Installing: /home/rodrigo/turtlebot3_ws/src/install/turtlebot3_manipulation_gazebo/share/turtlebot3_manipulation_gazebo/models/turtlebot3_home_service_challenge/marker9/meshes/Marker9.dae
[2.779s] -- Installing: /home/rodrigo/turtlebot3_ws/src/install/turtlebot3_manipulation_gazebo/share/turtlebot3_manipulation_gazebo/models/turtlebot3_home_service_challenge/marker9/model.config
[2.779s] -- Installing: /home/rodrigo/turtlebot3_ws/src/install/turtlebot3_manipulation_gazebo/share/turtlebot3_manipulation_gazebo/models/turtlebot3_home_service_challenge/marker9/materials
[2.779s] -- Installing: /home/rodrigo/turtlebot3_ws/src/install/turtlebot3_manipulation_gazebo/share/turtlebot3_manipulation_gazebo/models/turtlebot3_home_service_challenge/marker9/materials/textures
[2.779s] -- Installing: /home/rodrigo/turtlebot3_ws/src/install/turtlebot3_manipulation_gazebo/share/turtlebot3_manipulation_gazebo/models/turtlebot3_home_service_challenge/marker9/materials/textures/Marker9.png
[2.780s] -- Installing: /home/rodrigo/turtlebot3_ws/src/install/turtlebot3_manipulation_gazebo/share/turtlebot3_manipulation_gazebo/models/turtlebot3_home_service_challenge/marker9/model.sdf
[2.780s] -- Installing: /home/rodrigo/turtlebot3_ws/src/install/turtlebot3_manipulation_gazebo/share/turtlebot3_manipulation_gazebo/models/turtlebot3_home_service_challenge/marker9/model-1_4.sdf
[2.781s] -- Installing: /home/rodrigo/turtlebot3_ws/src/install/turtlebot3_manipulation_gazebo/share/turtlebot3_manipulation_gazebo/models/turtlebot3_home_service_challenge/marker5
[2.781s] -- Installing: /home/rodrigo/turtlebot3_ws/src/install/turtlebot3_manipulation_gazebo/share/turtlebot3_manipulation_gazebo/models/turtlebot3_home_service_challenge/marker5/model-1_5.sdf
[2.781s] -- Installing: /home/rodrigo/turtlebot3_ws/src/install/turtlebot3_manipulation_gazebo/share/turtlebot3_manipulation_gazebo/models/turtlebot3_home_service_challenge/marker5/meshes
[2.781s] -- Installing: /home/rodrigo/turtlebot3_ws/src/install/turtlebot3_manipulation_gazebo/share/turtlebot3_manipulation_gazebo/models/turtlebot3_home_service_challenge/marker5/meshes/Marker5.dae
[2.782s] -- Installing: /home/rodrigo/turtlebot3_ws/src/install/turtlebot3_manipulation_gazebo/share/turtlebot3_manipulation_gazebo/models/turtlebot3_home_service_challenge/marker5/model.config
[2.782s] -- Installing: /home/rodrigo/turtlebot3_ws/src/install/turtlebot3_manipulation_gazebo/share/turtlebot3_manipulation_gazebo/models/turtlebot3_home_service_challenge/marker5/materials
[2.783s] -- Installing: /home/rodrigo/turtlebot3_ws/src/install/turtlebot3_manipulation_gazebo/share/turtlebot3_manipulation_gazebo/models/turtlebot3_home_service_challenge/marker5/materials/textures
[2.783s] -- Installing: /home/rodrigo/turtlebot3_ws/src/install/turtlebot3_manipulation_gazebo/share/turtlebot3_manipulation_gazebo/models/turtlebot3_home_service_challenge/marker5/materials/textures/Marker5.png
[2.784s] -- Installing: /home/rodrigo/turtlebot3_ws/src/install/turtlebot3_manipulation_gazebo/share/turtlebot3_manipulation_gazebo/models/turtlebot3_home_service_challenge/marker5/model.sdf
[2.784s] -- Installing: /home/rodrigo/turtlebot3_ws/src/install/turtlebot3_manipulation_gazebo/share/turtlebot3_manipulation_gazebo/models/turtlebot3_home_service_challenge/marker5/model-1_4.sdf
[2.784s] -- Installing: /home/rodrigo/turtlebot3_ws/src/install/turtlebot3_manipulation_gazebo/share/turtlebot3_manipulation_gazebo/models/turtlebot3_home_service_challenge/marker8
[2.784s] -- Installing: /home/rodrigo/turtlebot3_ws/src/install/turtlebot3_manipulation_gazebo/share/turtlebot3_manipulation_gazebo/models/turtlebot3_home_service_challenge/marker8/model-1_5.sdf
[2.785s] -- Installing: /home/rodrigo/turtlebot3_ws/src/install/turtlebot3_manipulation_gazebo/share/turtlebot3_manipulation_gazebo/models/turtlebot3_home_service_challenge/marker8/meshes
[2.785s] -- Installing: /home/rodrigo/turtlebot3_ws/src/install/turtlebot3_manipulation_gazebo/share/turtlebot3_manipulation_gazebo/models/turtlebot3_home_service_challenge/marker8/meshes/Marker8.dae
[2.786s] -- Installing: /home/rodrigo/turtlebot3_ws/src/install/turtlebot3_manipulation_gazebo/share/turtlebot3_manipulation_gazebo/models/turtlebot3_home_service_challenge/marker8/model.config
[2.786s] -- Installing: /home/rodrigo/turtlebot3_ws/src/install/turtlebot3_manipulation_gazebo/share/turtlebot3_manipulation_gazebo/models/turtlebot3_home_service_challenge/marker8/materials
[2.786s] -- Installing: /home/rodrigo/turtlebot3_ws/src/install/turtlebot3_manipulation_gazebo/share/turtlebot3_manipulation_gazebo/models/turtlebot3_home_service_challenge/marker8/materials/textures
[2.786s] -- Installing: /home/rodrigo/turtlebot3_ws/src/install/turtlebot3_manipulation_gazebo/share/turtlebot3_manipulation_gazebo/models/turtlebot3_home_service_challenge/marker8/materials/textures/Marker8.png
[2.786s] -- Installing: /home/rodrigo/turtlebot3_ws/src/install/turtlebot3_manipulation_gazebo/share/turtlebot3_manipulation_gazebo/models/turtlebot3_home_service_challenge/marker8/model.sdf
[2.787s] -- Installing: /home/rodrigo/turtlebot3_ws/src/install/turtlebot3_manipulation_gazebo/share/turtlebot3_manipulation_gazebo/models/turtlebot3_home_service_challenge/marker8/model-1_4.sdf
[2.787s] -- Installing: /home/rodrigo/turtlebot3_ws/src/install/turtlebot3_manipulation_gazebo/share/turtlebot3_manipulation_gazebo/models/turtlebot3_home_service_challenge/marker2
[2.787s] -- Installing: /home/rodrigo/turtlebot3_ws/src/install/turtlebot3_manipulation_gazebo/share/turtlebot3_manipulation_gazebo/models/turtlebot3_home_service_challenge/marker2/model-1_5.sdf
[2.788s] -- Installing: /home/rodrigo/turtlebot3_ws/src/install/turtlebot3_manipulation_gazebo/share/turtlebot3_manipulation_gazebo/models/turtlebot3_home_service_challenge/marker2/meshes
[2.789s] -- Installing: /home/rodrigo/turtlebot3_ws/src/install/turtlebot3_manipulation_gazebo/share/turtlebot3_manipulation_gazebo/models/turtlebot3_home_service_challenge/marker2/meshes/Marker2.dae
[2.790s] -- Installing: /home/rodrigo/turtlebot3_ws/src/install/turtlebot3_manipulation_gazebo/share/turtlebot3_manipulation_gazebo/models/turtlebot3_home_service_challenge/marker2/model.config
[2.790s] -- Installing: /home/rodrigo/turtlebot3_ws/src/install/turtlebot3_manipulation_gazebo/share/turtlebot3_manipulation_gazebo/models/turtlebot3_home_service_challenge/marker2/materials
[2.791s] -- Installing: /home/rodrigo/turtlebot3_ws/src/install/turtlebot3_manipulation_gazebo/share/turtlebot3_manipulation_gazebo/models/turtlebot3_home_service_challenge/marker2/materials/textures
[2.791s] -- Installing: /home/rodrigo/turtlebot3_ws/src/install/turtlebot3_manipulation_gazebo/share/turtlebot3_manipulation_gazebo/models/turtlebot3_home_service_challenge/marker2/materials/textures/Marker2.png
[2.792s] -- Installing: /home/rodrigo/turtlebot3_ws/src/install/turtlebot3_manipulation_gazebo/share/turtlebot3_manipulation_gazebo/models/turtlebot3_home_service_challenge/marker2/model.sdf
[2.794s] -- Installing: /home/rodrigo/turtlebot3_ws/src/install/turtlebot3_manipulation_gazebo/share/turtlebot3_manipulation_gazebo/models/turtlebot3_home_service_challenge/marker2/model-1_4.sdf
[2.794s] -- Installing: /home/rodrigo/turtlebot3_ws/src/install/turtlebot3_manipulation_gazebo/share/turtlebot3_manipulation_gazebo/models/turtlebot3_home_service_challenge/marker4
[2.794s] -- Installing: /home/rodrigo/turtlebot3_ws/src/install/turtlebot3_manipulation_gazebo/share/turtlebot3_manipulation_gazebo/models/turtlebot3_home_service_challenge/marker4/model-1_5.sdf
[2.796s] -- Installing: /home/rodrigo/turtlebot3_ws/src/install/turtlebot3_manipulation_gazebo/share/turtlebot3_manipulation_gazebo/models/turtlebot3_home_service_challenge/marker4/meshes
[2.797s] -- Installing: /home/rodrigo/turtlebot3_ws/src/install/turtlebot3_manipulation_gazebo/share/turtlebot3_manipulation_gazebo/models/turtlebot3_home_service_challenge/marker4/meshes/Marker4.dae
[2.797s] -- Installing: /home/rodrigo/turtlebot3_ws/src/install/turtlebot3_manipulation_gazebo/share/turtlebot3_manipulation_gazebo/models/turtlebot3_home_service_challenge/marker4/model.config
[2.797s] -- Installing: /home/rodrigo/turtlebot3_ws/src/install/turtlebot3_manipulation_gazebo/share/turtlebot3_manipulation_gazebo/models/turtlebot3_home_service_challenge/marker4/materials
[2.797s] -- Installing: /home/rodrigo/turtlebot3_ws/src/install/turtlebot3_manipulation_gazebo/share/turtlebot3_manipulation_gazebo/models/turtlebot3_home_service_challenge/marker4/materials/textures
[2.798s] -- Installing: /home/rodrigo/turtlebot3_ws/src/install/turtlebot3_manipulation_gazebo/share/turtlebot3_manipulation_gazebo/models/turtlebot3_home_service_challenge/marker4/materials/textures/Marker4.png
[2.798s] -- Installing: /home/rodrigo/turtlebot3_ws/src/install/turtlebot3_manipulation_gazebo/share/turtlebot3_manipulation_gazebo/models/turtlebot3_home_service_challenge/marker4/model.sdf
[2.798s] -- Installing: /home/rodrigo/turtlebot3_ws/src/install/turtlebot3_manipulation_gazebo/share/turtlebot3_manipulation_gazebo/models/turtlebot3_home_service_challenge/marker4/model-1_4.sdf
[2.798s] -- Installing: /home/rodrigo/turtlebot3_ws/src/install/turtlebot3_manipulation_gazebo/share/turtlebot3_manipulation_gazebo/models/turtlebot3_home_service_challenge/marker0
[2.799s] -- Installing: /home/rodrigo/turtlebot3_ws/src/install/turtlebot3_manipulation_gazebo/share/turtlebot3_manipulation_gazebo/models/turtlebot3_home_service_challenge/marker0/model-1_5.sdf
[2.799s] -- Installing: /home/rodrigo/turtlebot3_ws/src/install/turtlebot3_manipulation_gazebo/share/turtlebot3_manipulation_gazebo/models/turtlebot3_home_service_challenge/marker0/meshes
[2.799s] -- Installing: /home/rodrigo/turtlebot3_ws/src/install/turtlebot3_manipulation_gazebo/share/turtlebot3_manipulation_gazebo/models/turtlebot3_home_service_challenge/marker0/meshes/Marker0.dae
[2.800s] -- Installing: /home/rodrigo/turtlebot3_ws/src/install/turtlebot3_manipulation_gazebo/share/turtlebot3_manipulation_gazebo/models/turtlebot3_home_service_challenge/marker0/model.config
[2.800s] -- Installing: /home/rodrigo/turtlebot3_ws/src/install/turtlebot3_manipulation_gazebo/share/turtlebot3_manipulation_gazebo/models/turtlebot3_home_service_challenge/marker0/materials
[2.800s] -- Installing: /home/rodrigo/turtlebot3_ws/src/install/turtlebot3_manipulation_gazebo/share/turtlebot3_manipulation_gazebo/models/turtlebot3_home_service_challenge/marker0/materials/textures
[2.800s] -- Installing: /home/rodrigo/turtlebot3_ws/src/install/turtlebot3_manipulation_gazebo/share/turtlebot3_manipulation_gazebo/models/turtlebot3_home_service_challenge/marker0/materials/textures/Marker0.png
[2.801s] -- Installing: /home/rodrigo/turtlebot3_ws/src/install/turtlebot3_manipulation_gazebo/share/turtlebot3_manipulation_gazebo/models/turtlebot3_home_service_challenge/marker0/model.sdf
[2.801s] -- Installing: /home/rodrigo/turtlebot3_ws/src/install/turtlebot3_manipulation_gazebo/share/turtlebot3_manipulation_gazebo/models/turtlebot3_home_service_challenge/marker0/model-1_4.sdf
[2.801s] -- Installing: /home/rodrigo/turtlebot3_ws/src/install/turtlebot3_manipulation_gazebo/share/turtlebot3_manipulation_gazebo/models/turtlebot3_home_service_challenge/marker3
[2.801s] -- Installing: /home/rodrigo/turtlebot3_ws/src/install/turtlebot3_manipulation_gazebo/share/turtlebot3_manipulation_gazebo/models/turtlebot3_home_service_challenge/marker3/model-1_5.sdf
[2.801s] -- Installing: /home/rodrigo/turtlebot3_ws/src/install/turtlebot3_manipulation_gazebo/share/turtlebot3_manipulation_gazebo/models/turtlebot3_home_service_challenge/marker3/meshes
[2.802s] -- Installing: /home/rodrigo/turtlebot3_ws/src/install/turtlebot3_manipulation_gazebo/share/turtlebot3_manipulation_gazebo/models/turtlebot3_home_service_challenge/marker3/meshes/Marker3.dae
[2.802s] -- Installing: /home/rodrigo/turtlebot3_ws/src/install/turtlebot3_manipulation_gazebo/share/turtlebot3_manipulation_gazebo/models/turtlebot3_home_service_challenge/marker3/model.config
[2.802s] -- Installing: /home/rodrigo/turtlebot3_ws/src/install/turtlebot3_manipulation_gazebo/share/turtlebot3_manipulation_gazebo/models/turtlebot3_home_service_challenge/marker3/materials
[2.802s] -- Installing: /home/rodrigo/turtlebot3_ws/src/install/turtlebot3_manipulation_gazebo/share/turtlebot3_manipulation_gazebo/models/turtlebot3_home_service_challenge/marker3/materials/textures
[2.802s] -- Installing: /home/rodrigo/turtlebot3_ws/src/install/turtlebot3_manipulation_gazebo/share/turtlebot3_manipulation_gazebo/models/turtlebot3_home_service_challenge/marker3/materials/textures/Marker3.png
[2.802s] -- Installing: /home/rodrigo/turtlebot3_ws/src/install/turtlebot3_manipulation_gazebo/share/turtlebot3_manipulation_gazebo/models/turtlebot3_home_service_challenge/marker3/model.sdf
[2.802s] -- Installing: /home/rodrigo/turtlebot3_ws/src/install/turtlebot3_manipulation_gazebo/share/turtlebot3_manipulation_gazebo/models/turtlebot3_home_service_challenge/marker3/model-1_4.sdf
[2.802s] -- Installing: /home/rodrigo/turtlebot3_ws/src/install/turtlebot3_manipulation_gazebo/share/turtlebot3_manipulation_gazebo/models/turtlebot3_home_service_challenge/marker6
[2.802s] -- Installing: /home/rodrigo/turtlebot3_ws/src/install/turtlebot3_manipulation_gazebo/share/turtlebot3_manipulation_gazebo/models/turtlebot3_home_service_challenge/marker6/model-1_5.sdf
[2.803s] -- Installing: /home/rodrigo/turtlebot3_ws/src/install/turtlebot3_manipulation_gazebo/share/turtlebot3_manipulation_gazebo/models/turtlebot3_home_service_challenge/marker6/meshes
[2.803s] -- Installing: /home/rodrigo/turtlebot3_ws/src/install/turtlebot3_manipulation_gazebo/share/turtlebot3_manipulation_gazebo/models/turtlebot3_home_service_challenge/marker6/meshes/Marker6.dae
[2.803s] -- Installing: /home/rodrigo/turtlebot3_ws/src/install/turtlebot3_manipulation_gazebo/share/turtlebot3_manipulation_gazebo/models/turtlebot3_home_service_challenge/marker6/model.config
[2.803s] -- Installing: /home/rodrigo/turtlebot3_ws/src/install/turtlebot3_manipulation_gazebo/share/turtlebot3_manipulation_gazebo/models/turtlebot3_home_service_challenge/marker6/materials
[2.803s] -- Installing: /home/rodrigo/turtlebot3_ws/src/install/turtlebot3_manipulation_gazebo/share/turtlebot3_manipulation_gazebo/models/turtlebot3_home_service_challenge/marker6/materials/textures
[2.803s] -- Installing: /home/rodrigo/turtlebot3_ws/src/install/turtlebot3_manipulation_gazebo/share/turtlebot3_manipulation_gazebo/models/turtlebot3_home_service_challenge/marker6/materials/textures/Marker6.png
[2.803s] -- Installing: /home/rodrigo/turtlebot3_ws/src/install/turtlebot3_manipulation_gazebo/share/turtlebot3_manipulation_gazebo/models/turtlebot3_home_service_challenge/marker6/model.sdf
[2.803s] -- Installing: /home/rodrigo/turtlebot3_ws/src/install/turtlebot3_manipulation_gazebo/share/turtlebot3_manipulation_gazebo/models/turtlebot3_home_service_challenge/marker6/model-1_4.sdf
[2.803s] -- Installing: /home/rodrigo/turtlebot3_ws/src/install/turtlebot3_manipulation_gazebo/share/turtlebot3_manipulation_gazebo/models/turtlebot3_home_service_challenge/marker7
[2.803s] -- Installing: /home/rodrigo/turtlebot3_ws/src/install/turtlebot3_manipulation_gazebo/share/turtlebot3_manipulation_gazebo/models/turtlebot3_home_service_challenge/marker7/model-1_5.sdf
[2.804s] -- Installing: /home/rodrigo/turtlebot3_ws/src/install/turtlebot3_manipulation_gazebo/share/turtlebot3_manipulation_gazebo/models/turtlebot3_home_service_challenge/marker7/meshes
[2.804s] -- Installing: /home/rodrigo/turtlebot3_ws/src/install/turtlebot3_manipulation_gazebo/share/turtlebot3_manipulation_gazebo/models/turtlebot3_home_service_challenge/marker7/meshes/Marker7.dae
[2.804s] -- Installing: /home/rodrigo/turtlebot3_ws/src/install/turtlebot3_manipulation_gazebo/share/turtlebot3_manipulation_gazebo/models/turtlebot3_home_service_challenge/marker7/model.config
[2.805s] -- Installing: /home/rodrigo/turtlebot3_ws/src/install/turtlebot3_manipulation_gazebo/share/turtlebot3_manipulation_gazebo/models/turtlebot3_home_service_challenge/marker7/materials
[2.805s] -- Installing: /home/rodrigo/turtlebot3_ws/src/install/turtlebot3_manipulation_gazebo/share/turtlebot3_manipulation_gazebo/models/turtlebot3_home_service_challenge/marker7/materials/textures
[2.805s] -- Installing: /home/rodrigo/turtlebot3_ws/src/install/turtlebot3_manipulation_gazebo/share/turtlebot3_manipulation_gazebo/models/turtlebot3_home_service_challenge/marker7/materials/textures/Marker7.png
[2.806s] -- Installing: /home/rodrigo/turtlebot3_ws/src/install/turtlebot3_manipulation_gazebo/share/turtlebot3_manipulation_gazebo/models/turtlebot3_home_service_challenge/marker7/model.sdf
[2.806s] -- Installing: /home/rodrigo/turtlebot3_ws/src/install/turtlebot3_manipulation_gazebo/share/turtlebot3_manipulation_gazebo/models/turtlebot3_home_service_challenge/marker7/model-1_4.sdf
[2.807s] -- Installing: /home/rodrigo/turtlebot3_ws/src/install/turtlebot3_manipulation_gazebo/share/turtlebot3_manipulation_gazebo/meshes
[2.807s] -- Installing: /home/rodrigo/turtlebot3_ws/src/install/turtlebot3_manipulation_gazebo/share/turtlebot3_manipulation_gazebo/meshes/turtlebot3_waffle_pi
[2.808s] -- Installing: /home/rodrigo/turtlebot3_ws/src/install/turtlebot3_manipulation_gazebo/share/turtlebot3_manipulation_gazebo/meshes/turtlebot3_waffle_pi/left_tire.stl
[2.818s] -- Installing: /home/rodrigo/turtlebot3_ws/src/install/turtlebot3_manipulation_gazebo/share/turtlebot3_manipulation_gazebo/meshes/turtlebot3_waffle_pi/ladar.stl
[2.819s] -- Installing: /home/rodrigo/turtlebot3_ws/src/install/turtlebot3_manipulation_gazebo/share/turtlebot3_manipulation_gazebo/meshes/turtlebot3_waffle_pi/base.stl
[2.858s] -- Installing: /home/rodrigo/turtlebot3_ws/src/install/turtlebot3_manipulation_gazebo/share/turtlebot3_manipulation_gazebo/meshes/turtlebot3_waffle_pi/right_tire.stl
[2.894s] -- Installing: /home/rodrigo/turtlebot3_ws/src/install/turtlebot3_manipulation_gazebo/share/turtlebot3_manipulation_gazebo/meshes/open_manipulator_x
[2.895s] -- Installing: /home/rodrigo/turtlebot3_ws/src/install/turtlebot3_manipulation_gazebo/share/turtlebot3_manipulation_gazebo/meshes/open_manipulator_x/link4.stl
[2.922s] -- Installing: /home/rodrigo/turtlebot3_ws/src/install/turtlebot3_manipulation_gazebo/share/turtlebot3_manipulation_gazebo/meshes/open_manipulator_x/link1.stl
[2.936s] -- Installing: /home/rodrigo/turtlebot3_ws/src/install/turtlebot3_manipulation_gazebo/share/turtlebot3_manipulation_gazebo/meshes/open_manipulator_x/gripper_right_palm.stl
[2.938s] -- Installing: /home/rodrigo/turtlebot3_ws/src/install/turtlebot3_manipulation_gazebo/share/turtlebot3_manipulation_gazebo/meshes/open_manipulator_x/link2.stl
[2.941s] -- Installing: /home/rodrigo/turtlebot3_ws/src/install/turtlebot3_manipulation_gazebo/share/turtlebot3_manipulation_gazebo/meshes/open_manipulator_x/link3.stl
[2.947s] -- Installing: /home/rodrigo/turtlebot3_ws/src/install/turtlebot3_manipulation_gazebo/share/turtlebot3_manipulation_gazebo/meshes/open_manipulator_x/link5.stl
[2.951s] -- Installing: /home/rodrigo/turtlebot3_ws/src/install/turtlebot3_manipulation_gazebo/share/turtlebot3_manipulation_gazebo/meshes/open_manipulator_x/gripper_left_palm.stl
[2.953s] -- Installing: /home/rodrigo/turtlebot3_ws/src/install/turtlebot3_manipulation_gazebo/share/ament_index/resource_index/package_run_dependencies/turtlebot3_manipulation_gazebo
[2.954s] -- Installing: /home/rodrigo/turtlebot3_ws/src/install/turtlebot3_manipulation_gazebo/share/ament_index/resource_index/parent_prefix_path/turtlebot3_manipulation_gazebo
[2.955s] -- Installing: /home/rodrigo/turtlebot3_ws/src/install/turtlebot3_manipulation_gazebo/share/turtlebot3_manipulation_gazebo/environment/ament_prefix_path.sh
[2.955s] -- Installing: /home/rodrigo/turtlebot3_ws/src/install/turtlebot3_manipulation_gazebo/share/turtlebot3_manipulation_gazebo/environment/ament_prefix_path.dsv
[2.955s] -- Installing: /home/rodrigo/turtlebot3_ws/src/install/turtlebot3_manipulation_gazebo/share/turtlebot3_manipulation_gazebo/environment/path.sh
[2.956s] -- Installing: /home/rodrigo/turtlebot3_ws/src/install/turtlebot3_manipulation_gazebo/share/turtlebot3_manipulation_gazebo/environment/path.dsv
[2.956s] -- Installing: /home/rodrigo/turtlebot3_ws/src/install/turtlebot3_manipulation_gazebo/share/turtlebot3_manipulation_gazebo/local_setup.bash
[2.957s] -- Installing: /home/rodrigo/turtlebot3_ws/src/install/turtlebot3_manipulation_gazebo/share/turtlebot3_manipulation_gazebo/local_setup.sh
[2.957s] -- Installing: /home/rodrigo/turtlebot3_ws/src/install/turtlebot3_manipulation_gazebo/share/turtlebot3_manipulation_gazebo/local_setup.zsh
[2.957s] -- Installing: /home/rodrigo/turtlebot3_ws/src/install/turtlebot3_manipulation_gazebo/share/turtlebot3_manipulation_gazebo/local_setup.dsv
[2.958s] -- Installing: /home/rodrigo/turtlebot3_ws/src/install/turtlebot3_manipulation_gazebo/share/turtlebot3_manipulation_gazebo/package.dsv
[2.959s] -- Installing: /home/rodrigo/turtlebot3_ws/src/install/turtlebot3_manipulation_gazebo/share/ament_index/resource_index/packages/turtlebot3_manipulation_gazebo
[2.960s] -- Installing: /home/rodrigo/turtlebot3_ws/src/install/turtlebot3_manipulation_gazebo/share/turtlebot3_manipulation_gazebo/cmake/turtlebot3_manipulation_gazeboConfig.cmake
[2.960s] -- Installing: /home/rodrigo/turtlebot3_ws/src/install/turtlebot3_manipulation_gazebo/share/turtlebot3_manipulation_gazebo/cmake/turtlebot3_manipulation_gazeboConfig-version.cmake
[2.961s] -- Installing: /home/rodrigo/turtlebot3_ws/src/install/turtlebot3_manipulation_gazebo/share/turtlebot3_manipulation_gazebo/package.xml
[2.968s] Invoked command in '/home/rodrigo/turtlebot3_ws/src/build/turtlebot3_manipulation_gazebo' returned '0': CMAKE_PREFIX_PATH=${CMAKE_PREFIX_PATH}:/opt/ros/humble /usr/bin/cmake --install /home/rodrigo/turtlebot3_ws/src/build/turtlebot3_manipulation_gazebo
