[0.082s] Invoking command in '/home/rodrigo/turtlebot3_ws/src/build/turtlebot3_cartographer': CMAKE_PREFIX_PATH=${CMAKE_PREFIX_PATH}:/opt/ros/humble /usr/bin/cmake /home/rodrigo/turtlebot3_ws/src/turtlebot3/turtlebot3_cartographer -DCMAKE_INSTALL_PREFIX=/home/rodrigo/turtlebot3_ws/src/install/turtlebot3_cartographer
[0.403s] -- The C compiler identification is GNU 11.4.0
[0.674s] -- The CXX compiler identification is GNU 11.4.0
[0.696s] -- Detecting C compiler ABI info
[0.917s] -- Detecting C compiler ABI info - done
[0.961s] -- Check for working C compiler: /usr/bin/cc - skipped
[0.961s] -- Detecting C compile features
[0.961s] -- Detecting C compile features - done
[0.970s] -- Detecting CXX compiler ABI info
[1.241s] -- Detecting CXX compiler ABI info - done
[1.269s] -- Check for working CXX compiler: /usr/bin/c++ - skipped
[1.269s] -- Detecting CXX compile features
[1.270s] -- Detecting CXX compile features - done
[1.284s] -- Found ament_cmake: 1.3.12 (/opt/ros/humble/share/ament_cmake/cmake)
[1.791s] -- Found Python3: /usr/bin/python3 (found version "3.10.12") found components: Interpreter 
[2.473s] -- Configuring done
[2.485s] -- Generating done
[2.491s] -- Build files have been written to: /home/rodrigo/turtlebot3_ws/src/build/turtlebot3_cartographer
[2.517s] Invoked command in '/home/rodrigo/turtlebot3_ws/src/build/turtlebot3_cartographer' returned '0': CMAKE_PREFIX_PATH=${CMAKE_PREFIX_PATH}:/opt/ros/humble /usr/bin/cmake /home/rodrigo/turtlebot3_ws/src/turtlebot3/turtlebot3_cartographer -DCMAKE_INSTALL_PREFIX=/home/rodrigo/turtlebot3_ws/src/install/turtlebot3_cartographer
[2.525s] Invoking command in '/home/rodrigo/turtlebot3_ws/src/build/turtlebot3_cartographer': CMAKE_PREFIX_PATH=${CMAKE_PREFIX_PATH}:/opt/ros/humble /usr/bin/cmake --build /home/rodrigo/turtlebot3_ws/src/build/turtlebot3_cartographer -- -j12 -l12
[2.662s] Invoked command in '/home/rodrigo/turtlebot3_ws/src/build/turtlebot3_cartographer' returned '0': CMAKE_PREFIX_PATH=${CMAKE_PREFIX_PATH}:/opt/ros/humble /usr/bin/cmake --build /home/rodrigo/turtlebot3_ws/src/build/turtlebot3_cartographer -- -j12 -l12
[2.701s] Invoking command in '/home/rodrigo/turtlebot3_ws/src/build/turtlebot3_cartographer': CMAKE_PREFIX_PATH=${CMAKE_PREFIX_PATH}:/opt/ros/humble /usr/bin/cmake --install /home/rodrigo/turtlebot3_ws/src/build/turtlebot3_cartographer
[2.727s] -- Install configuration: ""
[2.731s] -- Installing: /home/rodrigo/turtlebot3_ws/src/install/turtlebot3_cartographer/share/turtlebot3_cartographer/config
[2.738s] -- Installing: /home/rodrigo/turtlebot3_ws/src/install/turtlebot3_cartographer/share/turtlebot3_cartographer/config/turtlebot3_lds_2d.lua
[2.741s] -- Installing: /home/rodrigo/turtlebot3_ws/src/install/turtlebot3_cartographer/share/turtlebot3_cartographer/launch
[2.742s] -- Installing: /home/rodrigo/turtlebot3_ws/src/install/turtlebot3_cartographer/share/turtlebot3_cartographer/launch/cartographer.launch.py
[2.744s] -- Installing: /home/rodrigo/turtlebot3_ws/src/install/turtlebot3_cartographer/share/turtlebot3_cartographer/launch/occupancy_grid.launch.py
[2.744s] -- Installing: /home/rodrigo/turtlebot3_ws/src/install/turtlebot3_cartographer/share/turtlebot3_cartographer/rviz
[2.745s] -- Installing: /home/rodrigo/turtlebot3_ws/src/install/turtlebot3_cartographer/share/turtlebot3_cartographer/rviz/tb3_cartographer.rviz
[2.748s] -- Installing: /home/rodrigo/turtlebot3_ws/src/install/turtlebot3_cartographer/share/ament_index/resource_index/package_run_dependencies/turtlebot3_cartographer
[2.748s] -- Installing: /home/rodrigo/turtlebot3_ws/src/install/turtlebot3_cartographer/share/ament_index/resource_index/parent_prefix_path/turtlebot3_cartographer
[2.750s] -- Installing: /home/rodrigo/turtlebot3_ws/src/install/turtlebot3_cartographer/share/turtlebot3_cartographer/environment/ament_prefix_path.sh
[2.750s] -- Installing: /home/rodrigo/turtlebot3_ws/src/install/turtlebot3_cartographer/share/turtlebot3_cartographer/environment/ament_prefix_path.dsv
[2.762s] -- Installing: /home/rodrigo/turtlebot3_ws/src/install/turtlebot3_cartographer/share/turtlebot3_cartographer/environment/path.sh
[2.762s] -- Installing: /home/rodrigo/turtlebot3_ws/src/install/turtlebot3_cartographer/share/turtlebot3_cartographer/environment/path.dsv
[2.766s] -- Installing: /home/rodrigo/turtlebot3_ws/src/install/turtlebot3_cartographer/share/turtlebot3_cartographer/local_setup.bash
[2.766s] -- Installing: /home/rodrigo/turtlebot3_ws/src/install/turtlebot3_cartographer/share/turtlebot3_cartographer/local_setup.sh
[2.766s] -- Installing: /home/rodrigo/turtlebot3_ws/src/install/turtlebot3_cartographer/share/turtlebot3_cartographer/local_setup.zsh
[2.766s] -- Installing: /home/rodrigo/turtlebot3_ws/src/install/turtlebot3_cartographer/share/turtlebot3_cartographer/local_setup.dsv
[2.767s] -- Installing: /home/rodrigo/turtlebot3_ws/src/install/turtlebot3_cartographer/share/turtlebot3_cartographer/package.dsv
[2.767s] -- Installing: /home/rodrigo/turtlebot3_ws/src/install/turtlebot3_cartographer/share/ament_index/resource_index/packages/turtlebot3_cartographer
[2.768s] -- Installing: /home/rodrigo/turtlebot3_ws/src/install/turtlebot3_cartographer/share/turtlebot3_cartographer/cmake/turtlebot3_cartographerConfig.cmake
[2.769s] -- Installing: /home/rodrigo/turtlebot3_ws/src/install/turtlebot3_cartographer/share/turtlebot3_cartographer/cmake/turtlebot3_cartographerConfig-version.cmake
[2.769s] -- Installing: /home/rodrigo/turtlebot3_ws/src/install/turtlebot3_cartographer/share/turtlebot3_cartographer/package.xml
[2.774s] Invoked command in '/home/rodrigo/turtlebot3_ws/src/build/turtlebot3_cartographer' returned '0': CMAKE_PREFIX_PATH=${CMAKE_PREFIX_PATH}:/opt/ros/humble /usr/bin/cmake --install /home/rodrigo/turtlebot3_ws/src/build/turtlebot3_cartographer
