[0.084s] Invoking command in '/home/rodrigo/turtlebot3_ws/src/build/turtlebot3_node': AMENT_PREFIX_PATH=/home/rodrigo/turtlebot3_ws/src/install/turtlebot3_msgs:/home/rodrigo/turtlebot3_ws/src/install/dynamixel_sdk:${AMENT_PREFIX_PATH} CMAKE_PREFIX_PATH=/home/rodrigo/turtlebot3_ws/src/install/turtlebot3_msgs:/home/rodrigo/turtlebot3_ws/src/install/dynamixel_sdk:/home/rodrigo/scara_ws/install/scara_description:/opt/ros/humble LD_LIBRARY_PATH=/home/rodrigo/turtlebot3_ws/src/install/turtlebot3_msgs/lib:/home/rodrigo/turtlebot3_ws/src/install/dynamixel_sdk/lib:/usr/lib/x86_64-linux-gnu/gazebo-11/plugins:/opt/ros/humble/opt/rviz_ogre_vendor/lib:/opt/ros/humble/lib/x86_64-linux-gnu:/opt/ros/humble/lib:/usr/lib/x86_64-linux-gnu/gazebo-11/plugins PYTHONPATH=/home/rodrigo/turtlebot3_ws/src/install/turtlebot3_msgs/local/lib/python3.10/dist-packages:/home/rodrigo/turtlebot3_ws/src/install/dynamixel_sdk/local/lib/python3.10/dist-packages:${PYTHONPATH} /usr/bin/cmake /home/rodrigo/turtlebot3_ws/src/turtlebot3/turtlebot3_node -DCMAKE_INSTALL_PREFIX=/home/rodrigo/turtlebot3_ws/src/install/turtlebot3_node
[1.482s] -- The C compiler identification is GNU 11.4.0
[1.483s] -- The CXX compiler identification is GNU 11.4.0
[1.483s] -- Detecting C compiler ABI info
[1.484s] -- Detecting C compiler ABI info - done
[1.484s] -- Check for working C compiler: /usr/bin/cc - skipped
[1.485s] -- Detecting C compile features
[1.485s] -- Detecting C compile features - done
[1.485s] -- Detecting CXX compiler ABI info
[1.486s] -- Detecting CXX compiler ABI info - done
[1.486s] -- Check for working CXX compiler: /usr/bin/c++ - skipped
[1.492s] -- Detecting CXX compile features
[1.494s] -- Detecting CXX compile features - done
[1.494s] -- Found ament_cmake: 1.3.12 (/opt/ros/humble/share/ament_cmake/cmake)
[1.859s] -- Found Python3: /usr/bin/python3 (found version "3.10.12") found components: Interpreter 
[2.310s] -- Found dynamixel_sdk: 3.8.4 (/home/rodrigo/turtlebot3_ws/src/install/dynamixel_sdk/share/dynamixel_sdk/cmake)
[2.327s] -- Found geometry_msgs: 4.9.0 (/opt/ros/humble/share/geometry_msgs/cmake)
[2.520s] -- Found rosidl_generator_c: 3.1.7 (/opt/ros/humble/share/rosidl_generator_c/cmake)
[2.547s] -- Found rosidl_adapter: 3.1.7 (/opt/ros/humble/share/rosidl_adapter/cmake)
[2.593s] -- Found rosidl_generator_cpp: 3.1.7 (/opt/ros/humble/share/rosidl_generator_cpp/cmake)
[2.652s] -- Using all available rosidl_typesupport_c: rosidl_typesupport_fastrtps_c;rosidl_typesupport_introspection_c
[2.729s] -- Using all available rosidl_typesupport_cpp: rosidl_typesupport_fastrtps_cpp;rosidl_typesupport_introspection_cpp
[2.939s] -- Found message_filters: 4.3.8 (/opt/ros/humble/share/message_filters/cmake)
[3.161s] -- Found rmw_implementation_cmake: 6.1.2 (/opt/ros/humble/share/rmw_implementation_cmake/cmake)
[3.176s] -- Found rmw_fastrtps_cpp: 6.2.8 (/opt/ros/humble/share/rmw_fastrtps_cpp/cmake)
[3.590s] -- Found OpenSSL: /usr/lib/x86_64-linux-gnu/libcrypto.so (found version "3.0.2")  
[3.716s] -- Found FastRTPS: /opt/ros/humble/include  
[3.902s] -- Using RMW implementation 'rmw_fastrtps_cpp' as default
[3.945s] -- Looking for pthread.h
[4.273s] -- Looking for pthread.h - found
[4.274s] -- Performing Test CMAKE_HAVE_LIBC_PTHREAD
[4.554s] -- Performing Test CMAKE_HAVE_LIBC_PTHREAD - Success
[4.559s] -- Found Threads: TRUE  
[4.696s] -- Found nav_msgs: 4.9.0 (/opt/ros/humble/share/nav_msgs/cmake)
[4.759s] -- Found sensor_msgs: 4.9.0 (/opt/ros/humble/share/sensor_msgs/cmake)
[4.849s] -- Found std_srvs: 4.9.0 (/opt/ros/humble/share/std_srvs/cmake)
[4.915s] -- Found tf2: 0.25.16 (/opt/ros/humble/share/tf2/cmake)
[4.971s] -- Found tf2_ros: 0.25.16 (/opt/ros/humble/share/tf2_ros/cmake)
[5.457s] -- Found turtlebot3_msgs: 2.4.0 (/home/rodrigo/turtlebot3_ws/src/install/turtlebot3_msgs/share/turtlebot3_msgs/cmake)
[5.783s] -- Configuring done
[5.872s] -- Generating done
[5.904s] -- Build files have been written to: /home/rodrigo/turtlebot3_ws/src/build/turtlebot3_node
[5.953s] Invoked command in '/home/rodrigo/turtlebot3_ws/src/build/turtlebot3_node' returned '0': AMENT_PREFIX_PATH=/home/rodrigo/turtlebot3_ws/src/install/turtlebot3_msgs:/home/rodrigo/turtlebot3_ws/src/install/dynamixel_sdk:${AMENT_PREFIX_PATH} CMAKE_PREFIX_PATH=/home/rodrigo/turtlebot3_ws/src/install/turtlebot3_msgs:/home/rodrigo/turtlebot3_ws/src/install/dynamixel_sdk:/home/rodrigo/scara_ws/install/scara_description:/opt/ros/humble LD_LIBRARY_PATH=/home/rodrigo/turtlebot3_ws/src/install/turtlebot3_msgs/lib:/home/rodrigo/turtlebot3_ws/src/install/dynamixel_sdk/lib:/usr/lib/x86_64-linux-gnu/gazebo-11/plugins:/opt/ros/humble/opt/rviz_ogre_vendor/lib:/opt/ros/humble/lib/x86_64-linux-gnu:/opt/ros/humble/lib:/usr/lib/x86_64-linux-gnu/gazebo-11/plugins PYTHONPATH=/home/rodrigo/turtlebot3_ws/src/install/turtlebot3_msgs/local/lib/python3.10/dist-packages:/home/rodrigo/turtlebot3_ws/src/install/dynamixel_sdk/local/lib/python3.10/dist-packages:${PYTHONPATH} /usr/bin/cmake /home/rodrigo/turtlebot3_ws/src/turtlebot3/turtlebot3_node -DCMAKE_INSTALL_PREFIX=/home/rodrigo/turtlebot3_ws/src/install/turtlebot3_node
[5.961s] Invoking command in '/home/rodrigo/turtlebot3_ws/src/build/turtlebot3_node': AMENT_PREFIX_PATH=/home/rodrigo/turtlebot3_ws/src/install/turtlebot3_msgs:/home/rodrigo/turtlebot3_ws/src/install/dynamixel_sdk:${AMENT_PREFIX_PATH} CMAKE_PREFIX_PATH=/home/rodrigo/turtlebot3_ws/src/install/turtlebot3_msgs:/home/rodrigo/turtlebot3_ws/src/install/dynamixel_sdk:/home/rodrigo/scara_ws/install/scara_description:/opt/ros/humble LD_LIBRARY_PATH=/home/rodrigo/turtlebot3_ws/src/install/turtlebot3_msgs/lib:/home/rodrigo/turtlebot3_ws/src/install/dynamixel_sdk/lib:/usr/lib/x86_64-linux-gnu/gazebo-11/plugins:/opt/ros/humble/opt/rviz_ogre_vendor/lib:/opt/ros/humble/lib/x86_64-linux-gnu:/opt/ros/humble/lib:/usr/lib/x86_64-linux-gnu/gazebo-11/plugins PYTHONPATH=/home/rodrigo/turtlebot3_ws/src/install/turtlebot3_msgs/local/lib/python3.10/dist-packages:/home/rodrigo/turtlebot3_ws/src/install/dynamixel_sdk/local/lib/python3.10/dist-packages:${PYTHONPATH} /usr/bin/cmake --build /home/rodrigo/turtlebot3_ws/src/build/turtlebot3_node -- -j12 -l12
[6.167s] [  7%] [32mBuilding CXX object CMakeFiles/turtlebot3_node_lib.dir/src/devices/motor_power.cpp.o[0m
[6.171s] [ 21%] [32mBuilding CXX object CMakeFiles/turtlebot3_node_lib.dir/src/devices/sound.cpp.o[0m
[6.172s] [ 21%] [32mBuilding CXX object CMakeFiles/turtlebot3_node_lib.dir/src/devices/reset.cpp.o[0m
[6.188s] [ 28%] [32mBuilding CXX object CMakeFiles/turtlebot3_node_lib.dir/src/diff_drive_controller.cpp.o[0m
[6.199s] [ 35%] [32mBuilding CXX object CMakeFiles/turtlebot3_node_lib.dir/src/dynamixel_sdk_wrapper.cpp.o[0m
[6.207s] [ 42%] [32mBuilding CXX object CMakeFiles/turtlebot3_node_lib.dir/src/odometry.cpp.o[0m
[6.221s] [ 50%] [32mBuilding CXX object CMakeFiles/turtlebot3_node_lib.dir/src/turtlebot3.cpp.o[0m
[6.222s] [ 57%] [32mBuilding CXX object CMakeFiles/turtlebot3_node_lib.dir/src/sensors/joint_state.cpp.o[0m
[6.226s] [ 64%] [32mBuilding CXX object CMakeFiles/turtlebot3_node_lib.dir/src/sensors/sensor_state.cpp.o[0m
[6.226s] [ 71%] [32mBuilding CXX object CMakeFiles/turtlebot3_node_lib.dir/src/sensors/battery_state.cpp.o[0m
[6.230s] [ 78%] [32mBuilding CXX object CMakeFiles/turtlebot3_node_lib.dir/src/sensors/imu.cpp.o[0m
[69.589s] [ 85%] [32m[1mLinking CXX static library libturtlebot3_node_lib.a[0m
[70.836s] [ 85%] Built target turtlebot3_node_lib
[70.885s] [ 92%] [32mBuilding CXX object CMakeFiles/turtlebot3_ros.dir/src/node_main.cpp.o[0m
[78.016s] [100%] [32m[1mLinking CXX executable turtlebot3_ros[0m
[80.803s] [100%] Built target turtlebot3_ros
[81.133s] Invoked command in '/home/rodrigo/turtlebot3_ws/src/build/turtlebot3_node' returned '0': AMENT_PREFIX_PATH=/home/rodrigo/turtlebot3_ws/src/install/turtlebot3_msgs:/home/rodrigo/turtlebot3_ws/src/install/dynamixel_sdk:${AMENT_PREFIX_PATH} CMAKE_PREFIX_PATH=/home/rodrigo/turtlebot3_ws/src/install/turtlebot3_msgs:/home/rodrigo/turtlebot3_ws/src/install/dynamixel_sdk:/home/rodrigo/scara_ws/install/scara_description:/opt/ros/humble LD_LIBRARY_PATH=/home/rodrigo/turtlebot3_ws/src/install/turtlebot3_msgs/lib:/home/rodrigo/turtlebot3_ws/src/install/dynamixel_sdk/lib:/usr/lib/x86_64-linux-gnu/gazebo-11/plugins:/opt/ros/humble/opt/rviz_ogre_vendor/lib:/opt/ros/humble/lib/x86_64-linux-gnu:/opt/ros/humble/lib:/usr/lib/x86_64-linux-gnu/gazebo-11/plugins PYTHONPATH=/home/rodrigo/turtlebot3_ws/src/install/turtlebot3_msgs/local/lib/python3.10/dist-packages:/home/rodrigo/turtlebot3_ws/src/install/dynamixel_sdk/local/lib/python3.10/dist-packages:${PYTHONPATH} /usr/bin/cmake --build /home/rodrigo/turtlebot3_ws/src/build/turtlebot3_node -- -j12 -l12
[81.149s] Invoking command in '/home/rodrigo/turtlebot3_ws/src/build/turtlebot3_node': AMENT_PREFIX_PATH=/home/rodrigo/turtlebot3_ws/src/install/turtlebot3_msgs:/home/rodrigo/turtlebot3_ws/src/install/dynamixel_sdk:${AMENT_PREFIX_PATH} CMAKE_PREFIX_PATH=/home/rodrigo/turtlebot3_ws/src/install/turtlebot3_msgs:/home/rodrigo/turtlebot3_ws/src/install/dynamixel_sdk:/home/rodrigo/scara_ws/install/scara_description:/opt/ros/humble LD_LIBRARY_PATH=/home/rodrigo/turtlebot3_ws/src/install/turtlebot3_msgs/lib:/home/rodrigo/turtlebot3_ws/src/install/dynamixel_sdk/lib:/usr/lib/x86_64-linux-gnu/gazebo-11/plugins:/opt/ros/humble/opt/rviz_ogre_vendor/lib:/opt/ros/humble/lib/x86_64-linux-gnu:/opt/ros/humble/lib:/usr/lib/x86_64-linux-gnu/gazebo-11/plugins PYTHONPATH=/home/rodrigo/turtlebot3_ws/src/install/turtlebot3_msgs/local/lib/python3.10/dist-packages:/home/rodrigo/turtlebot3_ws/src/install/dynamixel_sdk/local/lib/python3.10/dist-packages:${PYTHONPATH} /usr/bin/cmake --install /home/rodrigo/turtlebot3_ws/src/build/turtlebot3_node
[81.162s] -- Install configuration: ""
[81.164s] -- Installing: /home/rodrigo/turtlebot3_ws/src/install/turtlebot3_node/share/turtlebot3_node/param
[81.164s] -- Installing: /home/rodrigo/turtlebot3_ws/src/install/turtlebot3_node/share/turtlebot3_node/param/burger.yaml
[81.165s] -- Installing: /home/rodrigo/turtlebot3_ws/src/install/turtlebot3_node/share/turtlebot3_node/param/waffle_pi.yaml
[81.166s] -- Installing: /home/rodrigo/turtlebot3_ws/src/install/turtlebot3_node/share/turtlebot3_node/param/waffle.yaml
[81.169s] -- Installing: /home/rodrigo/turtlebot3_ws/src/install/turtlebot3_node/lib/turtlebot3_node/turtlebot3_ros
[81.186s] -- Set runtime path of "/home/rodrigo/turtlebot3_ws/src/install/turtlebot3_node/lib/turtlebot3_node/turtlebot3_ros" to ""
[81.192s] -- Installing: /home/rodrigo/turtlebot3_ws/src/install/turtlebot3_node/share/ament_index/resource_index/package_run_dependencies/turtlebot3_node
[81.195s] -- Installing: /home/rodrigo/turtlebot3_ws/src/install/turtlebot3_node/share/ament_index/resource_index/parent_prefix_path/turtlebot3_node
[81.197s] -- Installing: /home/rodrigo/turtlebot3_ws/src/install/turtlebot3_node/share/turtlebot3_node/environment/ament_prefix_path.sh
[81.199s] -- Installing: /home/rodrigo/turtlebot3_ws/src/install/turtlebot3_node/share/turtlebot3_node/environment/ament_prefix_path.dsv
[81.201s] -- Installing: /home/rodrigo/turtlebot3_ws/src/install/turtlebot3_node/share/turtlebot3_node/environment/path.sh
[81.201s] -- Installing: /home/rodrigo/turtlebot3_ws/src/install/turtlebot3_node/share/turtlebot3_node/environment/path.dsv
[81.202s] -- Installing: /home/rodrigo/turtlebot3_ws/src/install/turtlebot3_node/share/turtlebot3_node/local_setup.bash
[81.204s] -- Installing: /home/rodrigo/turtlebot3_ws/src/install/turtlebot3_node/share/turtlebot3_node/local_setup.sh
[81.205s] -- Installing: /home/rodrigo/turtlebot3_ws/src/install/turtlebot3_node/share/turtlebot3_node/local_setup.zsh
[81.207s] -- Installing: /home/rodrigo/turtlebot3_ws/src/install/turtlebot3_node/share/turtlebot3_node/local_setup.dsv
[81.209s] -- Installing: /home/rodrigo/turtlebot3_ws/src/install/turtlebot3_node/share/turtlebot3_node/package.dsv
[81.212s] -- Installing: /home/rodrigo/turtlebot3_ws/src/install/turtlebot3_node/share/ament_index/resource_index/packages/turtlebot3_node
[81.214s] -- Installing: /home/rodrigo/turtlebot3_ws/src/install/turtlebot3_node/share/turtlebot3_node/cmake/ament_cmake_export_dependencies-extras.cmake
[81.218s] -- Installing: /home/rodrigo/turtlebot3_ws/src/install/turtlebot3_node/share/turtlebot3_node/cmake/ament_cmake_export_include_directories-extras.cmake
[81.222s] -- Installing: /home/rodrigo/turtlebot3_ws/src/install/turtlebot3_node/share/turtlebot3_node/cmake/turtlebot3_nodeConfig.cmake
[81.224s] -- Installing: /home/rodrigo/turtlebot3_ws/src/install/turtlebot3_node/share/turtlebot3_node/cmake/turtlebot3_nodeConfig-version.cmake
[81.226s] -- Installing: /home/rodrigo/turtlebot3_ws/src/install/turtlebot3_node/share/turtlebot3_node/package.xml
[81.234s] Invoked command in '/home/rodrigo/turtlebot3_ws/src/build/turtlebot3_node' returned '0': AMENT_PREFIX_PATH=/home/rodrigo/turtlebot3_ws/src/install/turtlebot3_msgs:/home/rodrigo/turtlebot3_ws/src/install/dynamixel_sdk:${AMENT_PREFIX_PATH} CMAKE_PREFIX_PATH=/home/rodrigo/turtlebot3_ws/src/install/turtlebot3_msgs:/home/rodrigo/turtlebot3_ws/src/install/dynamixel_sdk:/home/rodrigo/scara_ws/install/scara_description:/opt/ros/humble LD_LIBRARY_PATH=/home/rodrigo/turtlebot3_ws/src/install/turtlebot3_msgs/lib:/home/rodrigo/turtlebot3_ws/src/install/dynamixel_sdk/lib:/usr/lib/x86_64-linux-gnu/gazebo-11/plugins:/opt/ros/humble/opt/rviz_ogre_vendor/lib:/opt/ros/humble/lib/x86_64-linux-gnu:/opt/ros/humble/lib:/usr/lib/x86_64-linux-gnu/gazebo-11/plugins PYTHONPATH=/home/rodrigo/turtlebot3_ws/src/install/turtlebot3_msgs/local/lib/python3.10/dist-packages:/home/rodrigo/turtlebot3_ws/src/install/dynamixel_sdk/local/lib/python3.10/dist-packages:${PYTHONPATH} /usr/bin/cmake --install /home/rodrigo/turtlebot3_ws/src/build/turtlebot3_node
